14:34:27 **** Incremental Build of configuration Debug for project car ****
make -j32 all 
arm-none-eabi-gcc "../Core/Src/main.c" -mcpu=cortex-m3 -std=gnu11 -g3 -DDEBUG -DUSE_HAL_DRIVER -DSTM32F103xB -c -I../Core/Inc -I../Drivers/STM32F1xx_HAL_Driver/Inc/Legacy -I../Drivers/STM32F1xx_HAL_Driver/Inc -I../Drivers/CMSIS/Device/ST/STM32F1xx/Include -I../Drivers/CMSIS/Include -I"C:/Users/xintxiao/Desktop/xinjian/car/mycode/include" -I"C:/Users/xintxiao/Desktop/xinjian/car/mycode/oled" -O0 -ffunction-sections -fdata-sections -Wall -fstack-usage -fcyclomatic-complexity -MMD -MP -MF"Core/Src/main.d" -MT"Core/Src/main.o" --specs=nano.specs -mfloat-abi=soft -mthumb -o "Core/Src/main.o"
arm-none-eabi-gcc -o "car.elf" @"objects.list"   -mcpu=cortex-m3 -T"C:\Users\xintxiao\Desktop\xinjian\car\STM32F103C8TX_FLASH.ld" --specs=nosys.specs -Wl,-Map="car.map" -Wl,--gc-sections -static -u _printf_float --specs=nano.specs -mfloat-abi=soft -mthumb -Wl,--start-group -lc -lm -Wl,--end-group
Finished building target: car.elf
 
arm-none-eabi-size  car.elf 
arm-none-eabi-objdump -h -S car.elf  > "car.list"
   text	   data	    bss	    dec	    hex	filename
  34272	    468	   3420	  38160	   9510	car.elf
Finished building: default.size.stdout
 
Finished building: car.list
 

14:34:28 Build Finished. 0 errors, 0 warnings. (took 1s.350ms)

