23:39:33 **** Incremental Build of configuration Debug for project car ****
make -j32 all 
arm-none-eabi-gcc -o "car.elf" @"objects.list"   -mcpu=cortex-m3 -T"C:\Users\xintxiao\Desktop\xinjian\car\STM32F103C8TX_FLASH.ld" --specs=nosys.specs -Wl,-Map="car.map" -Wl,--gc-sections -static --specs=nano.specs -mfloat-abi=soft -mthumb -Wl,--start-group -lc -lm -Wl,--end-group
D:/STM32CubeIDE_1.16.0/STM32CubeIDE/plugins/com.st.stm32cube.ide.mcu.externaltools.gnu-tools-for-stm32.12.3.rel1.win32_1.0.200.202406191623/tools/bin/../lib/gcc/arm-none-eabi/12.3.1/../../../../arm-none-eabi/bin/ld.exe: ./Core/Src/main.o:C:/Users/xintxiao/Desktop/xinjian/car/Debug/../Core/Inc/adc.h:40: multiple definition of `lh'; ./Core/Src/adc.o:C:/Users/xintxiao/Desktop/xinjian/car/Debug/../Core/Inc/adc.h:40: first defined here
D:/STM32CubeIDE_1.16.0/STM32CubeIDE/plugins/com.st.stm32cube.ide.mcu.externaltools.gnu-tools-for-stm32.12.3.rel1.win32_1.0.200.202406191623/tools/bin/../lib/gcc/arm-none-eabi/12.3.1/../../../../arm-none-eabi/bin/ld.exe: ./Core/Src/main.o:C:/Users/xintxiao/Desktop/xinjian/car/Debug/../Core/Inc/adc.h:41: multiple definition of `rh'; ./Core/Src/adc.o:C:/Users/xintxiao/Desktop/xinjian/car/Debug/../Core/Inc/adc.h:41: first defined here
D:/STM32CubeIDE_1.16.0/STM32CubeIDE/plugins/com.st.stm32cube.ide.mcu.externaltools.gnu-tools-for-stm32.12.3.rel1.win32_1.0.200.202406191623/tools/bin/../lib/gcc/arm-none-eabi/12.3.1/../../../../arm-none-eabi/bin/ld.exe: ./Core/Src/main.o:C:/Users/xintxiao/Desktop/xinjian/car/Debug/../Core/Inc/adc.h:42: multiple definition of `mh'; ./Core/Src/adc.o:C:/Users/xintxiao/Desktop/xinjian/car/Debug/../Core/Inc/adc.h:42: first defined here
D:/STM32CubeIDE_1.16.0/STM32CubeIDE/plugins/com.st.stm32cube.ide.mcu.externaltools.gnu-tools-for-stm32.12.3.rel1.win32_1.0.200.202406191623/tools/bin/../lib/gcc/arm-none-eabi/12.3.1/../../../../arm-none-eabi/bin/ld.exe: ./Core/Src/main.o:C:/Users/xintxiao/Desktop/xinjian/car/Debug/../Core/Inc/adc.h:43: multiple definition of `rf'; ./Core/Src/adc.o:C:/Users/xintxiao/Desktop/xinjian/car/Debug/../Core/Inc/adc.h:43: first defined here
D:/STM32CubeIDE_1.16.0/STM32CubeIDE/plugins/com.st.stm32cube.ide.mcu.externaltools.gnu-tools-for-stm32.12.3.rel1.win32_1.0.200.202406191623/tools/bin/../lib/gcc/arm-none-eabi/12.3.1/../../../../arm-none-eabi/bin/ld.exe: ./Core/Src/main.o:C:/Users/xintxiao/Desktop/xinjian/car/Debug/../Core/Inc/adc.h:44: multiple definition of `lf'; ./Core/Src/adc.o:C:/Users/xintxiao/Desktop/xinjian/car/Debug/../Core/Inc/adc.h:44: first defined here
D:/STM32CubeIDE_1.16.0/STM32CubeIDE/plugins/com.st.stm32cube.ide.mcu.externaltools.gnu-tools-for-stm32.12.3.rel1.win32_1.0.200.202406191623/tools/bin/../lib/gcc/arm-none-eabi/12.3.1/../../../../arm-none-eabi/bin/ld.exe: ./Core/Src/main.o:C:/Users/xintxiao/Desktop/xinjian/car/Debug/../Core/Inc/adc.h:45: multiple definition of `ADC'; ./Core/Src/adc.o:C:/Users/xintxiao/Desktop/xinjian/car/Debug/../Core/Inc/adc.h:45: first defined here
D:/STM32CubeIDE_1.16.0/STM32CubeIDE/plugins/com.st.stm32cube.ide.mcu.externaltools.gnu-tools-for-stm32.12.3.rel1.win32_1.0.200.202406191623/tools/bin/../lib/gcc/arm-none-eabi/12.3.1/../../../../arm-none-eabi/bin/ld.exe: ./Core/Src/main.o:C:/Users/xintxiao/Desktop/xinjian/car/Debug/../Core/Inc/adc.h:46: multiple definition of `ADC_VALUE'; ./Core/Src/adc.o:C:/Users/xintxiao/Desktop/xinjian/car/Debug/../Core/Inc/adc.h:46: first defined here
D:/STM32CubeIDE_1.16.0/STM32CubeIDE/plugins/com.st.stm32cube.ide.mcu.externaltools.gnu-tools-for-stm32.12.3.rel1.win32_1.0.200.202406191623/tools/bin/../lib/gcc/arm-none-eabi/12.3.1/../../../../arm-none-eabi/bin/ld.exe: ./Core/Src/main.o:C:/Users/xintxiao/Desktop/xinjian/car/Debug/../Core/Inc/adc.h:47: multiple definition of `ADC_AVR'; ./Core/Src/adc.o:C:/Users/xintxiao/Desktop/xinjian/car/Debug/../Core/Inc/adc.h:47: first defined here
D:/STM32CubeIDE_1.16.0/STM32CubeIDE/plugins/com.st.stm32cube.ide.mcu.externaltools.gnu-tools-for-stm32.12.3.rel1.win32_1.0.200.202406191623/tools/bin/../lib/gcc/arm-none-eabi/12.3.1/../../../../arm-none-eabi/bin/ld.exe: ./Core/Src/main.o:C:/Users/xintxiao/Desktop/xinjian/car/Debug/../Core/Inc/adc.h:48: multiple definition of `ADC_ONE'; ./Core/Src/adc.o:C:/Users/xintxiao/Desktop/xinjian/car/Debug/../Core/Inc/adc.h:48: first defined here
collect2.exe: error: ld returned 1 exit status
make: *** [makefile:65: car.elf] Error 1
"make -j32 all" terminated with exit code 2. Build might be incomplete.
23:43:32 **** Incremental Build of configuration Debug for project car ****
make -j32 all 
arm-none-eabi-gcc "../Core/Src/adc.c" -mcpu=cortex-m3 -std=gnu11 -g3 -DDEBUG -DUSE_HAL_DRIVER -DSTM32F103xB -c -I../Core/Inc -I../Drivers/STM32F1xx_HAL_Driver/Inc/Legacy -I../Drivers/STM32F1xx_HAL_Driver/Inc -I../Drivers/CMSIS/Device/ST/STM32F1xx/Include -I../Drivers/CMSIS/Include -I"C:/Users/xintxiao/Desktop/xinjian/car/mycode/include" -I"C:/Users/xintxiao/Desktop/xinjian/car/mycode/oled" -O0 -ffunction-sections -fdata-sections -Wall -fstack-usage -fcyclomatic-complexity -MMD -MP -MF"Core/Src/adc.d" -MT"Core/Src/adc.o" --specs=nano.specs -mfloat-abi=soft -mthumb -o "Core/Src/adc.o"
arm-none-eabi-gcc "../Core/Src/main.c" -mcpu=cortex-m3 -std=gnu11 -g3 -DDEBUG -DUSE_HAL_DRIVER -DSTM32F103xB -c -I../Core/Inc -I../Drivers/STM32F1xx_HAL_Driver/Inc/Legacy -I../Drivers/STM32F1xx_HAL_Driver/Inc -I../Drivers/CMSIS/Device/ST/STM32F1xx/Include -I../Drivers/CMSIS/Include -I"C:/Users/xintxiao/Desktop/xinjian/car/mycode/include" -I"C:/Users/xintxiao/Desktop/xinjian/car/mycode/oled" -O0 -ffunction-sections -fdata-sections -Wall -fstack-usage -fcyclomatic-complexity -MMD -MP -MF"Core/Src/main.d" -MT"Core/Src/main.o" --specs=nano.specs -mfloat-abi=soft -mthumb -o "Core/Src/main.o"
arm-none-eabi-gcc -o "car.elf" @"objects.list"   -mcpu=cortex-m3 -T"C:\Users\xintxiao\Desktop\xinjian\car\STM32F103C8TX_FLASH.ld" --specs=nosys.specs -Wl,-Map="car.map" -Wl,--gc-sections -static --specs=nano.specs -mfloat-abi=soft -mthumb -Wl,--start-group -lc -lm -Wl,--end-group
Finished building target: car.elf
 
arm-none-eabi-size  car.elf 
arm-none-eabi-objdump -h -S car.elf  > "car.list"
   text	   data	    bss	    dec	    hex	filename
  10720	     12	   1828	  12560	   3110	car.elf
Finished building: default.size.stdout
 
Finished building: car.list
 
23:50:37 **** Incremental Build of configuration Debug for project car ****
make -j32 all 
arm-none-eabi-gcc "../Core/Src/main.c" -mcpu=cortex-m3 -std=gnu11 -g3 -DDEBUG -DUSE_HAL_DRIVER -DSTM32F103xB -c -I../Core/Inc -I../Drivers/STM32F1xx_HAL_Driver/Inc/Legacy -I../Drivers/STM32F1xx_HAL_Driver/Inc -I../Drivers/CMSIS/Device/ST/STM32F1xx/Include -I../Drivers/CMSIS/Include -I"C:/Users/xintxiao/Desktop/xinjian/car/mycode/include" -I"C:/Users/xintxiao/Desktop/xinjian/car/mycode/oled" -O0 -ffunction-sections -fdata-sections -Wall -fstack-usage -fcyclomatic-complexity -MMD -MP -MF"Core/Src/main.d" -MT"Core/Src/main.o" --specs=nano.specs -mfloat-abi=soft -mthumb -o "Core/Src/main.o"
../Core/Src/main.c: In function 'main':
../Core/Src/main.c:100:3: error: 'ADC_AVR' undeclared (first use in this function)
  100 |   ADC_AVR[1]=1;
      |   ^~~~~~~
../Core/Src/main.c:100:3: note: each undeclared identifier is reported only once for each function it appears in
make: *** [Core/Src/subdir.mk:46: Core/Src/main.o] Error 1
"make -j32 all" terminated with exit code 2. Build might be incomplete.
23:51:24 **** Incremental Build of configuration Debug for project car ****
make -j32 all 
arm-none-eabi-gcc "../Core/Src/main.c" -mcpu=cortex-m3 -std=gnu11 -g3 -DDEBUG -DUSE_HAL_DRIVER -DSTM32F103xB -c -I../Core/Inc -I../Drivers/STM32F1xx_HAL_Driver/Inc/Legacy -I../Drivers/STM32F1xx_HAL_Driver/Inc -I../Drivers/CMSIS/Device/ST/STM32F1xx/Include -I../Drivers/CMSIS/Include -I"C:/Users/xintxiao/Desktop/xinjian/car/mycode/include" -I"C:/Users/xintxiao/Desktop/xinjian/car/mycode/oled" -O0 -ffunction-sections -fdata-sections -Wall -fstack-usage -fcyclomatic-complexity -MMD -MP -MF"Core/Src/main.d" -MT"Core/Src/main.o" --specs=nano.specs -mfloat-abi=soft -mthumb -o "Core/Src/main.o"
../Core/Src/main.c: In function 'main':
../Core/Src/main.c:100:1: error: 'lh' undeclared (first use in this function)
  100 | lh=1;
      | ^~
../Core/Src/main.c:100:1: note: each undeclared identifier is reported only once for each function it appears in
make: *** [Core/Src/subdir.mk:46: Core/Src/main.o] Error 1
"make -j32 all" terminated with exit code 2. Build might be incomplete.
23:52:02 **** Incremental Build of configuration Debug for project car ****
make -j32 all 
arm-none-eabi-gcc "../Core/Src/main.c" -mcpu=cortex-m3 -std=gnu11 -g3 -DDEBUG -DUSE_HAL_DRIVER -DSTM32F103xB -c -I../Core/Inc -I../Drivers/STM32F1xx_HAL_Driver/Inc/Legacy -I../Drivers/STM32F1xx_HAL_Driver/Inc -I../Drivers/CMSIS/Device/ST/STM32F1xx/Include -I../Drivers/CMSIS/Include -I"C:/Users/xintxiao/Desktop/xinjian/car/mycode/include" -I"C:/Users/xintxiao/Desktop/xinjian/car/mycode/oled" -O0 -ffunction-sections -fdata-sections -Wall -fstack-usage -fcyclomatic-complexity -MMD -MP -MF"Core/Src/main.d" -MT"Core/Src/main.o" --specs=nano.specs -mfloat-abi=soft -mthumb -o "Core/Src/main.o"
../Core/Src/main.c: In function 'main':
../Core/Src/main.c:109:11: error: 'lh' undeclared (first use in this function)
  109 |           lh=1;
      |           ^~
../Core/Src/main.c:109:11: note: each undeclared identifier is reported only once for each function it appears in
make: *** [Core/Src/subdir.mk:46: Core/Src/main.o] Error 1
"make -j32 all" terminated with exit code 2. Build might be incomplete.
23:57:58 **** Incremental Build of configuration Debug for project car ****
make -j32 all 
arm-none-eabi-gcc "../Core/Src/main.c" -mcpu=cortex-m3 -std=gnu11 -g3 -DDEBUG -DUSE_HAL_DRIVER -DSTM32F103xB -c -I../Core/Inc -I../Drivers/STM32F1xx_HAL_Driver/Inc/Legacy -I../Drivers/STM32F1xx_HAL_Driver/Inc -I../Drivers/CMSIS/Device/ST/STM32F1xx/Include -I../Drivers/CMSIS/Include -I"C:/Users/xintxiao/Desktop/xinjian/car/mycode/include" -I"C:/Users/xintxiao/Desktop/xinjian/car/mycode/oled" -O0 -ffunction-sections -fdata-sections -Wall -fstack-usage -fcyclomatic-complexity -MMD -MP -MF"Core/Src/main.d" -MT"Core/Src/main.o" --specs=nano.specs -mfloat-abi=soft -mthumb -o "Core/Src/main.o"
../Core/Src/main.c:61:14: warning: 'lh' initialized and declared 'extern'
   61 | extern float lh=0;
      |              ^~
../Core/Src/main.c:62:14: warning: 'rh' initialized and declared 'extern'
   62 | extern float rh=0;
      |              ^~
../Core/Src/main.c:63:14: warning: 'mh' initialized and declared 'extern'
   63 | extern float mh=0;
      |              ^~
../Core/Src/main.c:64:14: warning: 'rf' initialized and declared 'extern'
   64 | extern float rf=0;
      |              ^~
../Core/Src/main.c:65:14: warning: 'lf' initialized and declared 'extern'
   65 | extern float lf=0;
      |              ^~
../Core/Src/main.c:66:18: error: 'NUM' undeclared here (not in a function)
   66 | extern float ADC[NUM]={0};
      |                  ^~~
../Core/Src/main.c:66:14: warning: 'ADC' initialized and declared 'extern'
   66 | extern float ADC[NUM]={0};
      |              ^~~
make: *** [Core/Src/subdir.mk:46: Core/Src/main.o] Error 1
"make -j32 all" terminated with exit code 2. Build might be incomplete.
00:00:49 **** Incremental Build of configuration Debug for project car ****
make -j32 all 
arm-none-eabi-gcc "../Core/Src/main.c" -mcpu=cortex-m3 -std=gnu11 -g3 -DDEBUG -DUSE_HAL_DRIVER -DSTM32F103xB -c -I../Core/Inc -I../Drivers/STM32F1xx_HAL_Driver/Inc/Legacy -I../Drivers/STM32F1xx_HAL_Driver/Inc -I../Drivers/CMSIS/Device/ST/STM32F1xx/Include -I../Drivers/CMSIS/Include -I"C:/Users/xintxiao/Desktop/xinjian/car/mycode/include" -I"C:/Users/xintxiao/Desktop/xinjian/car/mycode/oled" -O0 -ffunction-sections -fdata-sections -Wall -fstack-usage -fcyclomatic-complexity -MMD -MP -MF"Core/Src/main.d" -MT"Core/Src/main.o" --specs=nano.specs -mfloat-abi=soft -mthumb -o "Core/Src/main.o"
../Core/Src/main.c:67:22: error: expected '=', ',', ';', 'asm' or '__attribute__' before '}' token
   67 | extern float ADC[NUM]};
      |                      ^
make: *** [Core/Src/subdir.mk:46: Core/Src/main.o] Error 1
"make -j32 all" terminated with exit code 2. Build might be incomplete.
00:01:10 **** Incremental Build of configuration Debug for project car ****
make -j32 all 
arm-none-eabi-gcc "../Core/Src/main.c" -mcpu=cortex-m3 -std=gnu11 -g3 -DDEBUG -DUSE_HAL_DRIVER -DSTM32F103xB -c -I../Core/Inc -I../Drivers/STM32F1xx_HAL_Driver/Inc/Legacy -I../Drivers/STM32F1xx_HAL_Driver/Inc -I../Drivers/CMSIS/Device/ST/STM32F1xx/Include -I../Drivers/CMSIS/Include -I"C:/Users/xintxiao/Desktop/xinjian/car/mycode/include" -I"C:/Users/xintxiao/Desktop/xinjian/car/mycode/oled" -O0 -ffunction-sections -fdata-sections -Wall -fstack-usage -fcyclomatic-complexity -MMD -MP -MF"Core/Src/main.d" -MT"Core/Src/main.o" --specs=nano.specs -mfloat-abi=soft -mthumb -o "Core/Src/main.o"
arm-none-eabi-gcc -o "car.elf" @"objects.list"   -mcpu=cortex-m3 -T"C:\Users\xintxiao\Desktop\xinjian\car\STM32F103C8TX_FLASH.ld" --specs=nosys.specs -Wl,-Map="car.map" -Wl,--gc-sections -static --specs=nano.specs -mfloat-abi=soft -mthumb -Wl,--start-group -lc -lm -Wl,--end-group
Finished building target: car.elf
 
arm-none-eabi-size  car.elf 
arm-none-eabi-objdump -h -S car.elf  > "car.list"
   text	   data	    bss	    dec	    hex	filename
  11568	     12	   2860	  14440	   3868	car.elf
Finished building: default.size.stdout
 
Finished building: car.list
 
00:18:00 **** Incremental Build of configuration Debug for project car ****
make -j32 all 
arm-none-eabi-gcc "../Core/Src/main.c" -mcpu=cortex-m3 -std=gnu11 -g3 -DDEBUG -DUSE_HAL_DRIVER -DSTM32F103xB -c -I../Core/Inc -I../Drivers/STM32F1xx_HAL_Driver/Inc/Legacy -I../Drivers/STM32F1xx_HAL_Driver/Inc -I../Drivers/CMSIS/Device/ST/STM32F1xx/Include -I../Drivers/CMSIS/Include -I"C:/Users/xintxiao/Desktop/xinjian/car/mycode/include" -I"C:/Users/xintxiao/Desktop/xinjian/car/mycode/oled" -O0 -ffunction-sections -fdata-sections -Wall -fstack-usage -fcyclomatic-complexity -MMD -MP -MF"Core/Src/main.d" -MT"Core/Src/main.o" --specs=nano.specs -mfloat-abi=soft -mthumb -o "Core/Src/main.o"
arm-none-eabi-gcc -o "car.elf" @"objects.list"   -mcpu=cortex-m3 -T"C:\Users\xintxiao\Desktop\xinjian\car\STM32F103C8TX_FLASH.ld" --specs=nosys.specs -Wl,-Map="car.map" -Wl,--gc-sections -static --specs=nano.specs -mfloat-abi=soft -mthumb -Wl,--start-group -lc -lm -Wl,--end-group
Finished building target: car.elf
 
arm-none-eabi-size  car.elf 
arm-none-eabi-objdump -h -S car.elf  > "car.list"
   text	   data	    bss	    dec	    hex	filename
  17404	     92	   3212	  20708	   50e4	car.elf
Finished building: default.size.stdout
 
Finished building: car.list
 
00:19:12 **** Incremental Build of configuration Debug for project car ****
make -j32 all 
arm-none-eabi-gcc "../Core/Src/main.c" -mcpu=cortex-m3 -std=gnu11 -g3 -DDEBUG -DUSE_HAL_DRIVER -DSTM32F103xB -c -I../Core/Inc -I../Drivers/STM32F1xx_HAL_Driver/Inc/Legacy -I../Drivers/STM32F1xx_HAL_Driver/Inc -I../Drivers/CMSIS/Device/ST/STM32F1xx/Include -I../Drivers/CMSIS/Include -I"C:/Users/xintxiao/Desktop/xinjian/car/mycode/include" -I"C:/Users/xintxiao/Desktop/xinjian/car/mycode/oled" -O0 -ffunction-sections -fdata-sections -Wall -fstack-usage -fcyclomatic-complexity -MMD -MP -MF"Core/Src/main.d" -MT"Core/Src/main.o" --specs=nano.specs -mfloat-abi=soft -mthumb -o "Core/Src/main.o"
arm-none-eabi-gcc -o "car.elf" @"objects.list"   -mcpu=cortex-m3 -T"C:\Users\xintxiao\Desktop\xinjian\car\STM32F103C8TX_FLASH.ld" --specs=nosys.specs -Wl,-Map="car.map" -Wl,--gc-sections -static --specs=nano.specs -mfloat-abi=soft -mthumb -Wl,--start-group -lc -lm -Wl,--end-group
Finished building target: car.elf
 
arm-none-eabi-size  car.elf 
arm-none-eabi-objdump -h -S car.elf  > "car.list"
   text	   data	    bss	    dec	    hex	filename
  17404	     92	   3212	  20708	   50e4	car.elf
Finished building: default.size.stdout
 
Finished building: car.list
 
14:26:59 **** Clean-only build of configuration Debug for project car ****
make -j32 clean 
rm -rf ./mycode/oled/OLED.cyclo ./mycode/oled/OLED.d ./mycode/oled/OLED.o ./mycode/oled/OLED.su ./mycode/oled/OLED_Data.cyclo ./mycode/oled/OLED_Data.d ./mycode/oled/OLED_Data.o ./mycode/oled/OLED_Data.su
rm -rf ./Drivers/STM32F1xx_HAL_Driver/Src/stm32f1xx_hal.cyclo ./Drivers/STM32F1xx_HAL_Driver/Src/stm32f1xx_hal.d ./Drivers/STM32F1xx_HAL_Driver/Src/stm32f1xx_hal.o ./Drivers/STM32F1xx_HAL_Driver/Src/stm32f1xx_hal.su ./Drivers/STM32F1xx_HAL_Driver/Src/stm32f1xx_hal_adc.cyclo ./Drivers/STM32F1xx_HAL_Driver/Src/stm32f1xx_hal_adc.d ./Drivers/STM32F1xx_HAL_Driver/Src/stm32f1xx_hal_adc.o ./Drivers/STM32F1xx_HAL_Driver/Src/stm32f1xx_hal_adc.su ./Drivers/STM32F1xx_HAL_Driver/Src/stm32f1xx_hal_adc_ex.cyclo ./Drivers/STM32F1xx_HAL_Driver/Src/stm32f1xx_hal_adc_ex.d ./Drivers/STM32F1xx_HAL_Driver/Src/stm32f1xx_hal_adc_ex.o ./Drivers/STM32F1xx_HAL_Driver/Src/stm32f1xx_hal_adc_ex.su ./Drivers/STM32F1xx_HAL_Driver/Src/stm32f1xx_hal_cortex.cyclo ./Drivers/STM32F1xx_HAL_Driver/Src/stm32f1xx_hal_cortex.d ./Drivers/STM32F1xx_HAL_Driver/Src/stm32f1xx_hal_cortex.o ./Drivers/STM32F1xx_HAL_Driver/Src/stm32f1xx_hal_cortex.su ./Drivers/STM32F1xx_HAL_Driver/Src/stm32f1xx_hal_dma.cyclo ./Drivers/STM32F1xx_HAL_Driver/Src/stm32f1xx_hal_dma.d ./Drivers/STM32F1xx_HAL_Driver/Src/stm32f1xx_hal_dma.o ./Drivers/STM32F1xx_HAL_Driver/Src/stm32f1xx_hal_dma.su ./Drivers/STM32F1xx_HAL_Driver/Src/stm32f1xx_hal_exti.cyclo ./Drivers/STM32F1xx_HAL_Driver/Src/stm32f1xx_hal_exti.d ./Drivers/STM32F1xx_HAL_Driver/Src/stm32f1xx_hal_exti.o ./Drivers/STM32F1xx_HAL_Driver/Src/stm32f1xx_hal_exti.su ./Drivers/STM32F1xx_HAL_Driver/Src/stm32f1xx_hal_flash.cyclo ./Drivers/STM32F1xx_HAL_Driver/Src/stm32f1xx_hal_flash.d ./Drivers/STM32F1xx_HAL_Driver/Src/stm32f1xx_hal_flash.o ./Drivers/STM32F1xx_HAL_Driver/Src/stm32f1xx_hal_flash.su ./Drivers/STM32F1xx_HAL_Driver/Src/stm32f1xx_hal_flash_ex.cyclo ./Drivers/STM32F1xx_HAL_Driver/Src/stm32f1xx_hal_flash_ex.d ./Drivers/STM32F1xx_HAL_Driver/Src/stm32f1xx_hal_flash_ex.o ./Drivers/STM32F1xx_HAL_Driver/Src/stm32f1xx_hal_flash_ex.su ./Drivers/STM32F1xx_HAL_Driver/Src/stm32f1xx_hal_gpio.cyclo ./Drivers/STM32F1xx_HAL_Driver/Src/stm32f1xx_hal_gpio.d ./Drivers/STM32F1xx_HAL_Driver/Src/stm32f1xx_hal_gpio.o ./Drivers/STM32F1xx_HAL_Driver/Src/stm32f1xx_hal_gpio.su ./Drivers/STM32F1xx_HAL_Driver/Src/stm32f1xx_hal_gpio_ex.cyclo ./Drivers/STM32F1xx_HAL_Driver/Src/stm32f1xx_hal_gpio_ex.d ./Drivers/STM32F1xx_HAL_Driver/Src/stm32f1xx_hal_gpio_ex.o ./Drivers/STM32F1xx_HAL_Driver/Src/stm32f1xx_hal_gpio_ex.su ./Drivers/STM32F1xx_HAL_Driver/Src/stm32f1xx_hal_i2c.cyclo ./Drivers/STM32F1xx_HAL_Driver/Src/stm32f1xx_hal_i2c.d ./Drivers/STM32F1xx_HAL_Driver/Src/stm32f1xx_hal_i2c.o ./Drivers/STM32F1xx_HAL_Driver/Src/stm32f1xx_hal_i2c.su ./Drivers/STM32F1xx_HAL_Driver/Src/stm32f1xx_hal_pwr.cyclo ./Drivers/STM32F1xx_HAL_Driver/Src/stm32f1xx_hal_pwr.d ./Drivers/STM32F1xx_HAL_Driver/Src/stm32f1xx_hal_pwr.o ./Drivers/STM32F1xx_HAL_Driver/Src/stm32f1xx_hal_pwr.su ./Drivers/STM32F1xx_HAL_Driver/Src/stm32f1xx_hal_rcc.cyclo ./Drivers/STM32F1xx_HAL_Driver/Src/stm32f1xx_hal_rcc.d ./Drivers/STM32F1xx_HAL_Driver/Src/stm32f1xx_hal_rcc.o ./Drivers/STM32F1xx_HAL_Driver/Src/stm32f1xx_hal_rcc.su ./Drivers/STM32F1xx_HAL_Driver/Src/stm32f1xx_hal_rcc_ex.cyclo ./Drivers/STM32F1xx_HAL_Driver/Src/stm32f1xx_hal_rcc_ex.d ./Drivers/STM32F1xx_HAL_Driver/Src/stm32f1xx_hal_rcc_ex.o ./Drivers/STM32F1xx_HAL_Driver/Src/stm32f1xx_hal_rcc_ex.su ./Drivers/STM32F1xx_HAL_Driver/Src/stm32f1xx_hal_tim.cyclo ./Drivers/STM32F1xx_HAL_Driver/Src/stm32f1xx_hal_tim.d ./Drivers/STM32F1xx_HAL_Driver/Src/stm32f1xx_hal_tim.o ./Drivers/STM32F1xx_HAL_Driver/Src/stm32f1xx_hal_tim.su ./Drivers/STM32F1xx_HAL_Driver/Src/stm32f1xx_hal_tim_ex.cyclo ./Drivers/STM32F1xx_HAL_Driver/Src/stm32f1xx_hal_tim_ex.d ./Drivers/STM32F1xx_HAL_Driver/Src/stm32f1xx_hal_tim_ex.o ./Drivers/STM32F1xx_HAL_Driver/Src/stm32f1xx_hal_tim_ex.su
rm -rf ./Core/Startup/startup_stm32f103c8tx.d ./Core/Startup/startup_stm32f103c8tx.o
rm -rf ./Core/Src/adc.cyclo ./Core/Src/adc.d ./Core/Src/adc.o ./Core/Src/adc.su ./Core/Src/gpio.cyclo ./Core/Src/gpio.d ./Core/Src/gpio.o ./Core/Src/gpio.su ./Core/Src/i2c.cyclo ./Core/Src/i2c.d ./Core/Src/i2c.o ./Core/Src/i2c.su ./Core/Src/main.cyclo ./Core/Src/main.d ./Core/Src/main.o ./Core/Src/main.su ./Core/Src/stm32f1xx_hal_msp.cyclo ./Core/Src/stm32f1xx_hal_msp.d ./Core/Src/stm32f1xx_hal_msp.o ./Core/Src/stm32f1xx_hal_msp.su ./Core/Src/stm32f1xx_it.cyclo ./Core/Src/stm32f1xx_it.d ./Core/Src/stm32f1xx_it.o ./Core/Src/stm32f1xx_it.su ./Core/Src/syscalls.cyclo ./Core/Src/syscalls.d ./Core/Src/syscalls.o ./Core/Src/syscalls.su ./Core/Src/sysmem.cyclo ./Core/Src/sysmem.d ./Core/Src/sysmem.o ./Core/Src/sysmem.su ./Core/Src/system_stm32f1xx.cyclo ./Core/Src/system_stm32f1xx.d ./Core/Src/system_stm32f1xx.o ./Core/Src/system_stm32f1xx.su ./Core/Src/tim.cyclo ./Core/Src/tim.d ./Core/Src/tim.o ./Core/Src/tim.su
rm -rf car.elf car.list car.map default.size.stdout
 
14:27:06 **** Build of configuration Debug for project car ****
make -j32 all 
arm-none-eabi-gcc "../mycode/oled/OLED.c" -mcpu=cortex-m3 -std=gnu11 -g3 -DDEBUG -DUSE_HAL_DRIVER -DSTM32F103xB -c -I../Core/Inc -I../Drivers/STM32F1xx_HAL_Driver/Inc/Legacy -I../Drivers/STM32F1xx_HAL_Driver/Inc -I../Drivers/CMSIS/Device/ST/STM32F1xx/Include -I../Drivers/CMSIS/Include -I"C:/Users/xintxiao/Desktop/xinjian/car/mycode/include" -I"C:/Users/xintxiao/Desktop/xinjian/car/mycode/oled" -O0 -ffunction-sections -fdata-sections -Wall -fstack-usage -fcyclomatic-complexity -MMD -MP -MF"mycode/oled/OLED.d" -MT"mycode/oled/OLED.o" --specs=nano.specs -mfloat-abi=soft -mthumb -o "mycode/oled/OLED.o"
arm-none-eabi-gcc "../mycode/oled/OLED_Data.c" -mcpu=cortex-m3 -std=gnu11 -g3 -DDEBUG -DUSE_HAL_DRIVER -DSTM32F103xB -c -I../Core/Inc -I../Drivers/STM32F1xx_HAL_Driver/Inc/Legacy -I../Drivers/STM32F1xx_HAL_Driver/Inc -I../Drivers/CMSIS/Device/ST/STM32F1xx/Include -I../Drivers/CMSIS/Include -I"C:/Users/xintxiao/Desktop/xinjian/car/mycode/include" -I"C:/Users/xintxiao/Desktop/xinjian/car/mycode/oled" -O0 -ffunction-sections -fdata-sections -Wall -fstack-usage -fcyclomatic-complexity -MMD -MP -MF"mycode/oled/OLED_Data.d" -MT"mycode/oled/OLED_Data.o" --specs=nano.specs -mfloat-abi=soft -mthumb -o "mycode/oled/OLED_Data.o"
arm-none-eabi-gcc "../Drivers/STM32F1xx_HAL_Driver/Src/stm32f1xx_hal.c" -mcpu=cortex-m3 -std=gnu11 -g3 -DDEBUG -DUSE_HAL_DRIVER -DSTM32F103xB -c -I../Core/Inc -I../Drivers/STM32F1xx_HAL_Driver/Inc/Legacy -I../Drivers/STM32F1xx_HAL_Driver/Inc -I../Drivers/CMSIS/Device/ST/STM32F1xx/Include -I../Drivers/CMSIS/Include -I"C:/Users/xintxiao/Desktop/xinjian/car/mycode/include" -I"C:/Users/xintxiao/Desktop/xinjian/car/mycode/oled" -O0 -ffunction-sections -fdata-sections -Wall -fstack-usage -fcyclomatic-complexity -MMD -MP -MF"Drivers/STM32F1xx_HAL_Driver/Src/stm32f1xx_hal.d" -MT"Drivers/STM32F1xx_HAL_Driver/Src/stm32f1xx_hal.o" --specs=nano.specs -mfloat-abi=soft -mthumb -o "Drivers/STM32F1xx_HAL_Driver/Src/stm32f1xx_hal.o"
arm-none-eabi-gcc "../Drivers/STM32F1xx_HAL_Driver/Src/stm32f1xx_hal_adc.c" -mcpu=cortex-m3 -std=gnu11 -g3 -DDEBUG -DUSE_HAL_DRIVER -DSTM32F103xB -c -I../Core/Inc -I../Drivers/STM32F1xx_HAL_Driver/Inc/Legacy -I../Drivers/STM32F1xx_HAL_Driver/Inc -I../Drivers/CMSIS/Device/ST/STM32F1xx/Include -I../Drivers/CMSIS/Include -I"C:/Users/xintxiao/Desktop/xinjian/car/mycode/include" -I"C:/Users/xintxiao/Desktop/xinjian/car/mycode/oled" -O0 -ffunction-sections -fdata-sections -Wall -fstack-usage -fcyclomatic-complexity -MMD -MP -MF"Drivers/STM32F1xx_HAL_Driver/Src/stm32f1xx_hal_adc.d" -MT"Drivers/STM32F1xx_HAL_Driver/Src/stm32f1xx_hal_adc.o" --specs=nano.specs -mfloat-abi=soft -mthumb -o "Drivers/STM32F1xx_HAL_Driver/Src/stm32f1xx_hal_adc.o"
arm-none-eabi-gcc "../Drivers/STM32F1xx_HAL_Driver/Src/stm32f1xx_hal_adc_ex.c" -mcpu=cortex-m3 -std=gnu11 -g3 -DDEBUG -DUSE_HAL_DRIVER -DSTM32F103xB -c -I../Core/Inc -I../Drivers/STM32F1xx_HAL_Driver/Inc/Legacy -I../Drivers/STM32F1xx_HAL_Driver/Inc -I../Drivers/CMSIS/Device/ST/STM32F1xx/Include -I../Drivers/CMSIS/Include -I"C:/Users/xintxiao/Desktop/xinjian/car/mycode/include" -I"C:/Users/xintxiao/Desktop/xinjian/car/mycode/oled" -O0 -ffunction-sections -fdata-sections -Wall -fstack-usage -fcyclomatic-complexity -MMD -MP -MF"Drivers/STM32F1xx_HAL_Driver/Src/stm32f1xx_hal_adc_ex.d" -MT"Drivers/STM32F1xx_HAL_Driver/Src/stm32f1xx_hal_adc_ex.o" --specs=nano.specs -mfloat-abi=soft -mthumb -o "Drivers/STM32F1xx_HAL_Driver/Src/stm32f1xx_hal_adc_ex.o"
arm-none-eabi-gcc "../Drivers/STM32F1xx_HAL_Driver/Src/stm32f1xx_hal_cortex.c" -mcpu=cortex-m3 -std=gnu11 -g3 -DDEBUG -DUSE_HAL_DRIVER -DSTM32F103xB -c -I../Core/Inc -I../Drivers/STM32F1xx_HAL_Driver/Inc/Legacy -I../Drivers/STM32F1xx_HAL_Driver/Inc -I../Drivers/CMSIS/Device/ST/STM32F1xx/Include -I../Drivers/CMSIS/Include -I"C:/Users/xintxiao/Desktop/xinjian/car/mycode/include" -I"C:/Users/xintxiao/Desktop/xinjian/car/mycode/oled" -O0 -ffunction-sections -fdata-sections -Wall -fstack-usage -fcyclomatic-complexity -MMD -MP -MF"Drivers/STM32F1xx_HAL_Driver/Src/stm32f1xx_hal_cortex.d" -MT"Drivers/STM32F1xx_HAL_Driver/Src/stm32f1xx_hal_cortex.o" --specs=nano.specs -mfloat-abi=soft -mthumb -o "Drivers/STM32F1xx_HAL_Driver/Src/stm32f1xx_hal_cortex.o"
arm-none-eabi-gcc "../Drivers/STM32F1xx_HAL_Driver/Src/stm32f1xx_hal_dma.c" -mcpu=cortex-m3 -std=gnu11 -g3 -DDEBUG -DUSE_HAL_DRIVER -DSTM32F103xB -c -I../Core/Inc -I../Drivers/STM32F1xx_HAL_Driver/Inc/Legacy -I../Drivers/STM32F1xx_HAL_Driver/Inc -I../Drivers/CMSIS/Device/ST/STM32F1xx/Include -I../Drivers/CMSIS/Include -I"C:/Users/xintxiao/Desktop/xinjian/car/mycode/include" -I"C:/Users/xintxiao/Desktop/xinjian/car/mycode/oled" -O0 -ffunction-sections -fdata-sections -Wall -fstack-usage -fcyclomatic-complexity -MMD -MP -MF"Drivers/STM32F1xx_HAL_Driver/Src/stm32f1xx_hal_dma.d" -MT"Drivers/STM32F1xx_HAL_Driver/Src/stm32f1xx_hal_dma.o" --specs=nano.specs -mfloat-abi=soft -mthumb -o "Drivers/STM32F1xx_HAL_Driver/Src/stm32f1xx_hal_dma.o"
arm-none-eabi-gcc "../Drivers/STM32F1xx_HAL_Driver/Src/stm32f1xx_hal_exti.c" -mcpu=cortex-m3 -std=gnu11 -g3 -DDEBUG -DUSE_HAL_DRIVER -DSTM32F103xB -c -I../Core/Inc -I../Drivers/STM32F1xx_HAL_Driver/Inc/Legacy -I../Drivers/STM32F1xx_HAL_Driver/Inc -I../Drivers/CMSIS/Device/ST/STM32F1xx/Include -I../Drivers/CMSIS/Include -I"C:/Users/xintxiao/Desktop/xinjian/car/mycode/include" -I"C:/Users/xintxiao/Desktop/xinjian/car/mycode/oled" -O0 -ffunction-sections -fdata-sections -Wall -fstack-usage -fcyclomatic-complexity -MMD -MP -MF"Drivers/STM32F1xx_HAL_Driver/Src/stm32f1xx_hal_exti.d" -MT"Drivers/STM32F1xx_HAL_Driver/Src/stm32f1xx_hal_exti.o" --specs=nano.specs -mfloat-abi=soft -mthumb -o "Drivers/STM32F1xx_HAL_Driver/Src/stm32f1xx_hal_exti.o"
arm-none-eabi-gcc "../Drivers/STM32F1xx_HAL_Driver/Src/stm32f1xx_hal_flash.c" -mcpu=cortex-m3 -std=gnu11 -g3 -DDEBUG -DUSE_HAL_DRIVER -DSTM32F103xB -c -I../Core/Inc -I../Drivers/STM32F1xx_HAL_Driver/Inc/Legacy -I../Drivers/STM32F1xx_HAL_Driver/Inc -I../Drivers/CMSIS/Device/ST/STM32F1xx/Include -I../Drivers/CMSIS/Include -I"C:/Users/xintxiao/Desktop/xinjian/car/mycode/include" -I"C:/Users/xintxiao/Desktop/xinjian/car/mycode/oled" -O0 -ffunction-sections -fdata-sections -Wall -fstack-usage -fcyclomatic-complexity -MMD -MP -MF"Drivers/STM32F1xx_HAL_Driver/Src/stm32f1xx_hal_flash.d" -MT"Drivers/STM32F1xx_HAL_Driver/Src/stm32f1xx_hal_flash.o" --specs=nano.specs -mfloat-abi=soft -mthumb -o "Drivers/STM32F1xx_HAL_Driver/Src/stm32f1xx_hal_flash.o"
arm-none-eabi-gcc "../Drivers/STM32F1xx_HAL_Driver/Src/stm32f1xx_hal_flash_ex.c" -mcpu=cortex-m3 -std=gnu11 -g3 -DDEBUG -DUSE_HAL_DRIVER -DSTM32F103xB -c -I../Core/Inc -I../Drivers/STM32F1xx_HAL_Driver/Inc/Legacy -I../Drivers/STM32F1xx_HAL_Driver/Inc -I../Drivers/CMSIS/Device/ST/STM32F1xx/Include -I../Drivers/CMSIS/Include -I"C:/Users/xintxiao/Desktop/xinjian/car/mycode/include" -I"C:/Users/xintxiao/Desktop/xinjian/car/mycode/oled" -O0 -ffunction-sections -fdata-sections -Wall -fstack-usage -fcyclomatic-complexity -MMD -MP -MF"Drivers/STM32F1xx_HAL_Driver/Src/stm32f1xx_hal_flash_ex.d" -MT"Drivers/STM32F1xx_HAL_Driver/Src/stm32f1xx_hal_flash_ex.o" --specs=nano.specs -mfloat-abi=soft -mthumb -o "Drivers/STM32F1xx_HAL_Driver/Src/stm32f1xx_hal_flash_ex.o"
arm-none-eabi-gcc "../Drivers/STM32F1xx_HAL_Driver/Src/stm32f1xx_hal_gpio.c" -mcpu=cortex-m3 -std=gnu11 -g3 -DDEBUG -DUSE_HAL_DRIVER -DSTM32F103xB -c -I../Core/Inc -I../Drivers/STM32F1xx_HAL_Driver/Inc/Legacy -I../Drivers/STM32F1xx_HAL_Driver/Inc -I../Drivers/CMSIS/Device/ST/STM32F1xx/Include -I../Drivers/CMSIS/Include -I"C:/Users/xintxiao/Desktop/xinjian/car/mycode/include" -I"C:/Users/xintxiao/Desktop/xinjian/car/mycode/oled" -O0 -ffunction-sections -fdata-sections -Wall -fstack-usage -fcyclomatic-complexity -MMD -MP -MF"Drivers/STM32F1xx_HAL_Driver/Src/stm32f1xx_hal_gpio.d" -MT"Drivers/STM32F1xx_HAL_Driver/Src/stm32f1xx_hal_gpio.o" --specs=nano.specs -mfloat-abi=soft -mthumb -o "Drivers/STM32F1xx_HAL_Driver/Src/stm32f1xx_hal_gpio.o"
arm-none-eabi-gcc "../Drivers/STM32F1xx_HAL_Driver/Src/stm32f1xx_hal_gpio_ex.c" -mcpu=cortex-m3 -std=gnu11 -g3 -DDEBUG -DUSE_HAL_DRIVER -DSTM32F103xB -c -I../Core/Inc -I../Drivers/STM32F1xx_HAL_Driver/Inc/Legacy -I../Drivers/STM32F1xx_HAL_Driver/Inc -I../Drivers/CMSIS/Device/ST/STM32F1xx/Include -I../Drivers/CMSIS/Include -I"C:/Users/xintxiao/Desktop/xinjian/car/mycode/include" -I"C:/Users/xintxiao/Desktop/xinjian/car/mycode/oled" -O0 -ffunction-sections -fdata-sections -Wall -fstack-usage -fcyclomatic-complexity -MMD -MP -MF"Drivers/STM32F1xx_HAL_Driver/Src/stm32f1xx_hal_gpio_ex.d" -MT"Drivers/STM32F1xx_HAL_Driver/Src/stm32f1xx_hal_gpio_ex.o" --specs=nano.specs -mfloat-abi=soft -mthumb -o "Drivers/STM32F1xx_HAL_Driver/Src/stm32f1xx_hal_gpio_ex.o"
arm-none-eabi-gcc "../Drivers/STM32F1xx_HAL_Driver/Src/stm32f1xx_hal_i2c.c" -mcpu=cortex-m3 -std=gnu11 -g3 -DDEBUG -DUSE_HAL_DRIVER -DSTM32F103xB -c -I../Core/Inc -I../Drivers/STM32F1xx_HAL_Driver/Inc/Legacy -I../Drivers/STM32F1xx_HAL_Driver/Inc -I../Drivers/CMSIS/Device/ST/STM32F1xx/Include -I../Drivers/CMSIS/Include -I"C:/Users/xintxiao/Desktop/xinjian/car/mycode/include" -I"C:/Users/xintxiao/Desktop/xinjian/car/mycode/oled" -O0 -ffunction-sections -fdata-sections -Wall -fstack-usage -fcyclomatic-complexity -MMD -MP -MF"Drivers/STM32F1xx_HAL_Driver/Src/stm32f1xx_hal_i2c.d" -MT"Drivers/STM32F1xx_HAL_Driver/Src/stm32f1xx_hal_i2c.o" --specs=nano.specs -mfloat-abi=soft -mthumb -o "Drivers/STM32F1xx_HAL_Driver/Src/stm32f1xx_hal_i2c.o"
arm-none-eabi-gcc "../Drivers/STM32F1xx_HAL_Driver/Src/stm32f1xx_hal_pwr.c" -mcpu=cortex-m3 -std=gnu11 -g3 -DDEBUG -DUSE_HAL_DRIVER -DSTM32F103xB -c -I../Core/Inc -I../Drivers/STM32F1xx_HAL_Driver/Inc/Legacy -I../Drivers/STM32F1xx_HAL_Driver/Inc -I../Drivers/CMSIS/Device/ST/STM32F1xx/Include -I../Drivers/CMSIS/Include -I"C:/Users/xintxiao/Desktop/xinjian/car/mycode/include" -I"C:/Users/xintxiao/Desktop/xinjian/car/mycode/oled" -O0 -ffunction-sections -fdata-sections -Wall -fstack-usage -fcyclomatic-complexity -MMD -MP -MF"Drivers/STM32F1xx_HAL_Driver/Src/stm32f1xx_hal_pwr.d" -MT"Drivers/STM32F1xx_HAL_Driver/Src/stm32f1xx_hal_pwr.o" --specs=nano.specs -mfloat-abi=soft -mthumb -o "Drivers/STM32F1xx_HAL_Driver/Src/stm32f1xx_hal_pwr.o"
arm-none-eabi-gcc "../Drivers/STM32F1xx_HAL_Driver/Src/stm32f1xx_hal_rcc.c" -mcpu=cortex-m3 -std=gnu11 -g3 -DDEBUG -DUSE_HAL_DRIVER -DSTM32F103xB -c -I../Core/Inc -I../Drivers/STM32F1xx_HAL_Driver/Inc/Legacy -I../Drivers/STM32F1xx_HAL_Driver/Inc -I../Drivers/CMSIS/Device/ST/STM32F1xx/Include -I../Drivers/CMSIS/Include -I"C:/Users/xintxiao/Desktop/xinjian/car/mycode/include" -I"C:/Users/xintxiao/Desktop/xinjian/car/mycode/oled" -O0 -ffunction-sections -fdata-sections -Wall -fstack-usage -fcyclomatic-complexity -MMD -MP -MF"Drivers/STM32F1xx_HAL_Driver/Src/stm32f1xx_hal_rcc.d" -MT"Drivers/STM32F1xx_HAL_Driver/Src/stm32f1xx_hal_rcc.o" --specs=nano.specs -mfloat-abi=soft -mthumb -o "Drivers/STM32F1xx_HAL_Driver/Src/stm32f1xx_hal_rcc.o"
arm-none-eabi-gcc "../Drivers/STM32F1xx_HAL_Driver/Src/stm32f1xx_hal_rcc_ex.c" -mcpu=cortex-m3 -std=gnu11 -g3 -DDEBUG -DUSE_HAL_DRIVER -DSTM32F103xB -c -I../Core/Inc -I../Drivers/STM32F1xx_HAL_Driver/Inc/Legacy -I../Drivers/STM32F1xx_HAL_Driver/Inc -I../Drivers/CMSIS/Device/ST/STM32F1xx/Include -I../Drivers/CMSIS/Include -I"C:/Users/xintxiao/Desktop/xinjian/car/mycode/include" -I"C:/Users/xintxiao/Desktop/xinjian/car/mycode/oled" -O0 -ffunction-sections -fdata-sections -Wall -fstack-usage -fcyclomatic-complexity -MMD -MP -MF"Drivers/STM32F1xx_HAL_Driver/Src/stm32f1xx_hal_rcc_ex.d" -MT"Drivers/STM32F1xx_HAL_Driver/Src/stm32f1xx_hal_rcc_ex.o" --specs=nano.specs -mfloat-abi=soft -mthumb -o "Drivers/STM32F1xx_HAL_Driver/Src/stm32f1xx_hal_rcc_ex.o"
arm-none-eabi-gcc "../Drivers/STM32F1xx_HAL_Driver/Src/stm32f1xx_hal_tim.c" -mcpu=cortex-m3 -std=gnu11 -g3 -DDEBUG -DUSE_HAL_DRIVER -DSTM32F103xB -c -I../Core/Inc -I../Drivers/STM32F1xx_HAL_Driver/Inc/Legacy -I../Drivers/STM32F1xx_HAL_Driver/Inc -I../Drivers/CMSIS/Device/ST/STM32F1xx/Include -I../Drivers/CMSIS/Include -I"C:/Users/xintxiao/Desktop/xinjian/car/mycode/include" -I"C:/Users/xintxiao/Desktop/xinjian/car/mycode/oled" -O0 -ffunction-sections -fdata-sections -Wall -fstack-usage -fcyclomatic-complexity -MMD -MP -MF"Drivers/STM32F1xx_HAL_Driver/Src/stm32f1xx_hal_tim.d" -MT"Drivers/STM32F1xx_HAL_Driver/Src/stm32f1xx_hal_tim.o" --specs=nano.specs -mfloat-abi=soft -mthumb -o "Drivers/STM32F1xx_HAL_Driver/Src/stm32f1xx_hal_tim.o"
arm-none-eabi-gcc "../Drivers/STM32F1xx_HAL_Driver/Src/stm32f1xx_hal_tim_ex.c" -mcpu=cortex-m3 -std=gnu11 -g3 -DDEBUG -DUSE_HAL_DRIVER -DSTM32F103xB -c -I../Core/Inc -I../Drivers/STM32F1xx_HAL_Driver/Inc/Legacy -I../Drivers/STM32F1xx_HAL_Driver/Inc -I../Drivers/CMSIS/Device/ST/STM32F1xx/Include -I../Drivers/CMSIS/Include -I"C:/Users/xintxiao/Desktop/xinjian/car/mycode/include" -I"C:/Users/xintxiao/Desktop/xinjian/car/mycode/oled" -O0 -ffunction-sections -fdata-sections -Wall -fstack-usage -fcyclomatic-complexity -MMD -MP -MF"Drivers/STM32F1xx_HAL_Driver/Src/stm32f1xx_hal_tim_ex.d" -MT"Drivers/STM32F1xx_HAL_Driver/Src/stm32f1xx_hal_tim_ex.o" --specs=nano.specs -mfloat-abi=soft -mthumb -o "Drivers/STM32F1xx_HAL_Driver/Src/stm32f1xx_hal_tim_ex.o"
arm-none-eabi-gcc -mcpu=cortex-m3 -g3 -DDEBUG -c -x assembler-with-cpp -MMD -MP -MF"Core/Startup/startup_stm32f103c8tx.d" -MT"Core/Startup/startup_stm32f103c8tx.o" --specs=nano.specs -mfloat-abi=soft -mthumb -o "Core/Startup/startup_stm32f103c8tx.o" "../Core/Startup/startup_stm32f103c8tx.s"
arm-none-eabi-gcc "../Core/Src/adc.c" -mcpu=cortex-m3 -std=gnu11 -g3 -DDEBUG -DUSE_HAL_DRIVER -DSTM32F103xB -c -I../Core/Inc -I../Drivers/STM32F1xx_HAL_Driver/Inc/Legacy -I../Drivers/STM32F1xx_HAL_Driver/Inc -I../Drivers/CMSIS/Device/ST/STM32F1xx/Include -I../Drivers/CMSIS/Include -I"C:/Users/xintxiao/Desktop/xinjian/car/mycode/include" -I"C:/Users/xintxiao/Desktop/xinjian/car/mycode/oled" -O0 -ffunction-sections -fdata-sections -Wall -fstack-usage -fcyclomatic-complexity -MMD -MP -MF"Core/Src/adc.d" -MT"Core/Src/adc.o" --specs=nano.specs -mfloat-abi=soft -mthumb -o "Core/Src/adc.o"
arm-none-eabi-gcc "../Core/Src/gpio.c" -mcpu=cortex-m3 -std=gnu11 -g3 -DDEBUG -DUSE_HAL_DRIVER -DSTM32F103xB -c -I../Core/Inc -I../Drivers/STM32F1xx_HAL_Driver/Inc/Legacy -I../Drivers/STM32F1xx_HAL_Driver/Inc -I../Drivers/CMSIS/Device/ST/STM32F1xx/Include -I../Drivers/CMSIS/Include -I"C:/Users/xintxiao/Desktop/xinjian/car/mycode/include" -I"C:/Users/xintxiao/Desktop/xinjian/car/mycode/oled" -O0 -ffunction-sections -fdata-sections -Wall -fstack-usage -fcyclomatic-complexity -MMD -MP -MF"Core/Src/gpio.d" -MT"Core/Src/gpio.o" --specs=nano.specs -mfloat-abi=soft -mthumb -o "Core/Src/gpio.o"
arm-none-eabi-gcc "../Core/Src/i2c.c" -mcpu=cortex-m3 -std=gnu11 -g3 -DDEBUG -DUSE_HAL_DRIVER -DSTM32F103xB -c -I../Core/Inc -I../Drivers/STM32F1xx_HAL_Driver/Inc/Legacy -I../Drivers/STM32F1xx_HAL_Driver/Inc -I../Drivers/CMSIS/Device/ST/STM32F1xx/Include -I../Drivers/CMSIS/Include -I"C:/Users/xintxiao/Desktop/xinjian/car/mycode/include" -I"C:/Users/xintxiao/Desktop/xinjian/car/mycode/oled" -O0 -ffunction-sections -fdata-sections -Wall -fstack-usage -fcyclomatic-complexity -MMD -MP -MF"Core/Src/i2c.d" -MT"Core/Src/i2c.o" --specs=nano.specs -mfloat-abi=soft -mthumb -o "Core/Src/i2c.o"
arm-none-eabi-gcc "../Core/Src/main.c" -mcpu=cortex-m3 -std=gnu11 -g3 -DDEBUG -DUSE_HAL_DRIVER -DSTM32F103xB -c -I../Core/Inc -I../Drivers/STM32F1xx_HAL_Driver/Inc/Legacy -I../Drivers/STM32F1xx_HAL_Driver/Inc -I../Drivers/CMSIS/Device/ST/STM32F1xx/Include -I../Drivers/CMSIS/Include -I"C:/Users/xintxiao/Desktop/xinjian/car/mycode/include" -I"C:/Users/xintxiao/Desktop/xinjian/car/mycode/oled" -O0 -ffunction-sections -fdata-sections -Wall -fstack-usage -fcyclomatic-complexity -MMD -MP -MF"Core/Src/main.d" -MT"Core/Src/main.o" --specs=nano.specs -mfloat-abi=soft -mthumb -o "Core/Src/main.o"
arm-none-eabi-gcc "../Core/Src/motor.c" -mcpu=cortex-m3 -std=gnu11 -g3 -DDEBUG -DUSE_HAL_DRIVER -DSTM32F103xB -c -I../Core/Inc -I../Drivers/STM32F1xx_HAL_Driver/Inc/Legacy -I../Drivers/STM32F1xx_HAL_Driver/Inc -I../Drivers/CMSIS/Device/ST/STM32F1xx/Include -I../Drivers/CMSIS/Include -I"C:/Users/xintxiao/Desktop/xinjian/car/mycode/include" -I"C:/Users/xintxiao/Desktop/xinjian/car/mycode/oled" -O0 -ffunction-sections -fdata-sections -Wall -fstack-usage -fcyclomatic-complexity -MMD -MP -MF"Core/Src/motor.d" -MT"Core/Src/motor.o" --specs=nano.specs -mfloat-abi=soft -mthumb -o "Core/Src/motor.o"
arm-none-eabi-gcc "../Core/Src/stm32f1xx_hal_msp.c" -mcpu=cortex-m3 -std=gnu11 -g3 -DDEBUG -DUSE_HAL_DRIVER -DSTM32F103xB -c -I../Core/Inc -I../Drivers/STM32F1xx_HAL_Driver/Inc/Legacy -I../Drivers/STM32F1xx_HAL_Driver/Inc -I../Drivers/CMSIS/Device/ST/STM32F1xx/Include -I../Drivers/CMSIS/Include -I"C:/Users/xintxiao/Desktop/xinjian/car/mycode/include" -I"C:/Users/xintxiao/Desktop/xinjian/car/mycode/oled" -O0 -ffunction-sections -fdata-sections -Wall -fstack-usage -fcyclomatic-complexity -MMD -MP -MF"Core/Src/stm32f1xx_hal_msp.d" -MT"Core/Src/stm32f1xx_hal_msp.o" --specs=nano.specs -mfloat-abi=soft -mthumb -o "Core/Src/stm32f1xx_hal_msp.o"
arm-none-eabi-gcc "../Core/Src/stm32f1xx_it.c" -mcpu=cortex-m3 -std=gnu11 -g3 -DDEBUG -DUSE_HAL_DRIVER -DSTM32F103xB -c -I../Core/Inc -I../Drivers/STM32F1xx_HAL_Driver/Inc/Legacy -I../Drivers/STM32F1xx_HAL_Driver/Inc -I../Drivers/CMSIS/Device/ST/STM32F1xx/Include -I../Drivers/CMSIS/Include -I"C:/Users/xintxiao/Desktop/xinjian/car/mycode/include" -I"C:/Users/xintxiao/Desktop/xinjian/car/mycode/oled" -O0 -ffunction-sections -fdata-sections -Wall -fstack-usage -fcyclomatic-complexity -MMD -MP -MF"Core/Src/stm32f1xx_it.d" -MT"Core/Src/stm32f1xx_it.o" --specs=nano.specs -mfloat-abi=soft -mthumb -o "Core/Src/stm32f1xx_it.o"
arm-none-eabi-gcc "../Core/Src/syscalls.c" -mcpu=cortex-m3 -std=gnu11 -g3 -DDEBUG -DUSE_HAL_DRIVER -DSTM32F103xB -c -I../Core/Inc -I../Drivers/STM32F1xx_HAL_Driver/Inc/Legacy -I../Drivers/STM32F1xx_HAL_Driver/Inc -I../Drivers/CMSIS/Device/ST/STM32F1xx/Include -I../Drivers/CMSIS/Include -I"C:/Users/xintxiao/Desktop/xinjian/car/mycode/include" -I"C:/Users/xintxiao/Desktop/xinjian/car/mycode/oled" -O0 -ffunction-sections -fdata-sections -Wall -fstack-usage -fcyclomatic-complexity -MMD -MP -MF"Core/Src/syscalls.d" -MT"Core/Src/syscalls.o" --specs=nano.specs -mfloat-abi=soft -mthumb -o "Core/Src/syscalls.o"
arm-none-eabi-gcc "../Core/Src/sysmem.c" -mcpu=cortex-m3 -std=gnu11 -g3 -DDEBUG -DUSE_HAL_DRIVER -DSTM32F103xB -c -I../Core/Inc -I../Drivers/STM32F1xx_HAL_Driver/Inc/Legacy -I../Drivers/STM32F1xx_HAL_Driver/Inc -I../Drivers/CMSIS/Device/ST/STM32F1xx/Include -I../Drivers/CMSIS/Include -I"C:/Users/xintxiao/Desktop/xinjian/car/mycode/include" -I"C:/Users/xintxiao/Desktop/xinjian/car/mycode/oled" -O0 -ffunction-sections -fdata-sections -Wall -fstack-usage -fcyclomatic-complexity -MMD -MP -MF"Core/Src/sysmem.d" -MT"Core/Src/sysmem.o" --specs=nano.specs -mfloat-abi=soft -mthumb -o "Core/Src/sysmem.o"
arm-none-eabi-gcc "../Core/Src/system_stm32f1xx.c" -mcpu=cortex-m3 -std=gnu11 -g3 -DDEBUG -DUSE_HAL_DRIVER -DSTM32F103xB -c -I../Core/Inc -I../Drivers/STM32F1xx_HAL_Driver/Inc/Legacy -I../Drivers/STM32F1xx_HAL_Driver/Inc -I../Drivers/CMSIS/Device/ST/STM32F1xx/Include -I../Drivers/CMSIS/Include -I"C:/Users/xintxiao/Desktop/xinjian/car/mycode/include" -I"C:/Users/xintxiao/Desktop/xinjian/car/mycode/oled" -O0 -ffunction-sections -fdata-sections -Wall -fstack-usage -fcyclomatic-complexity -MMD -MP -MF"Core/Src/system_stm32f1xx.d" -MT"Core/Src/system_stm32f1xx.o" --specs=nano.specs -mfloat-abi=soft -mthumb -o "Core/Src/system_stm32f1xx.o"
arm-none-eabi-gcc "../Core/Src/tim.c" -mcpu=cortex-m3 -std=gnu11 -g3 -DDEBUG -DUSE_HAL_DRIVER -DSTM32F103xB -c -I../Core/Inc -I../Drivers/STM32F1xx_HAL_Driver/Inc/Legacy -I../Drivers/STM32F1xx_HAL_Driver/Inc -I../Drivers/CMSIS/Device/ST/STM32F1xx/Include -I../Drivers/CMSIS/Include -I"C:/Users/xintxiao/Desktop/xinjian/car/mycode/include" -I"C:/Users/xintxiao/Desktop/xinjian/car/mycode/oled" -O0 -ffunction-sections -fdata-sections -Wall -fstack-usage -fcyclomatic-complexity -MMD -MP -MF"Core/Src/tim.d" -MT"Core/Src/tim.o" --specs=nano.specs -mfloat-abi=soft -mthumb -o "Core/Src/tim.o"
../Core/Src/motor.c: In function 'motor_init':
../Core/Src/motor.c:10:1: warning: implicit declaration of function 'HAL_TIM_PWM_Start' [-Wimplicit-function-declaration]
   10 | HAL_TIM_PWM_Start(&htim1, TIM_CHANNEL_1);
      | ^~~~~~~~~~~~~~~~~
../Core/Src/motor.c:10:20: error: 'htim1' undeclared (first use in this function)
   10 | HAL_TIM_PWM_Start(&htim1, TIM_CHANNEL_1);
      |                    ^~~~~
../Core/Src/motor.c:10:20: note: each undeclared identifier is reported only once for each function it appears in
../Core/Src/motor.c:10:27: error: 'TIM_CHANNEL_1' undeclared (first use in this function)
   10 | HAL_TIM_PWM_Start(&htim1, TIM_CHANNEL_1);
      |                           ^~~~~~~~~~~~~
../Core/Src/motor.c:11:27: error: 'TIM_CHANNEL_4' undeclared (first use in this function)
   11 | HAL_TIM_PWM_Start(&htim1, TIM_CHANNEL_4);
      |                           ^~~~~~~~~~~~~
../Core/Src/motor.c: In function 'car_run':
../Core/Src/motor.c:16:9: warning: implicit declaration of function 'HAL_GPIO_WritePin' [-Wimplicit-function-declaration]
   16 |         HAL_GPIO_WritePin(GPIOA, AIN1_Pin, GPIO_PIN_RESET);
      |         ^~~~~~~~~~~~~~~~~
../Core/Src/motor.c:16:27: error: 'GPIOA' undeclared (first use in this function)
   16 |         HAL_GPIO_WritePin(GPIOA, AIN1_Pin, GPIO_PIN_RESET);
      |                           ^~~~~
../Core/Src/motor.c:16:34: error: 'AIN1_Pin' undeclared (first use in this function)
   16 |         HAL_GPIO_WritePin(GPIOA, AIN1_Pin, GPIO_PIN_RESET);
      |                                  ^~~~~~~~
../Core/Src/motor.c:16:44: error: 'GPIO_PIN_RESET' undeclared (first use in this function)
   16 |         HAL_GPIO_WritePin(GPIOA, AIN1_Pin, GPIO_PIN_RESET);
      |                                            ^~~~~~~~~~~~~~
../Core/Src/motor.c:17:34: error: 'AIN2_Pin' undeclared (first use in this function)
   17 |         HAL_GPIO_WritePin(GPIOA, AIN2_Pin, GPIO_PIN_RESET);
      |                                  ^~~~~~~~
../Core/Src/motor.c:18:9: warning: implicit declaration of function '__HAL_TIM_SetCompare' [-Wimplicit-function-declaration]
   18 |         __HAL_TIM_SetCompare(&htim1,TIM_CHANNEL_1,200);
      |         ^~~~~~~~~~~~~~~~~~~~
../Core/Src/motor.c:18:31: error: 'htim1' undeclared (first use in this function)
   18 |         __HAL_TIM_SetCompare(&htim1,TIM_CHANNEL_1,200);
      |                               ^~~~~
../Core/Src/motor.c:18:37: error: 'TIM_CHANNEL_1' undeclared (first use in this function)
   18 |         __HAL_TIM_SetCompare(&htim1,TIM_CHANNEL_1,200);
      |                                     ^~~~~~~~~~~~~
../Core/Src/motor.c:19:37: error: 'TIM_CHANNEL_4' undeclared (first use in this function)
   19 |         __HAL_TIM_SetCompare(&htim1,TIM_CHANNEL_4,200);
      |                                     ^~~~~~~~~~~~~
../Core/Src/motor.c: In function 'car_stop':
../Core/Src/motor.c:25:27: error: 'GPIOA' undeclared (first use in this function)
   25 |         HAL_GPIO_WritePin(GPIOA, AIN1_Pin, GPIO_PIN_RESET);
      |                           ^~~~~
../Core/Src/motor.c:25:34: error: 'AIN1_Pin' undeclared (first use in this function)
   25 |         HAL_GPIO_WritePin(GPIOA, AIN1_Pin, GPIO_PIN_RESET);
      |                                  ^~~~~~~~
../Core/Src/motor.c:25:44: error: 'GPIO_PIN_RESET' undeclared (first use in this function)
   25 |         HAL_GPIO_WritePin(GPIOA, AIN1_Pin, GPIO_PIN_RESET);
      |                                            ^~~~~~~~~~~~~~
../Core/Src/motor.c:26:42: error: 'AIN2_Pin' undeclared (first use in this function)
   26 |                 HAL_GPIO_WritePin(GPIOA, AIN2_Pin, GPIO_PIN_RESET);
      |                                          ^~~~~~~~
../Core/Src/motor.c:27:39: error: 'htim1' undeclared (first use in this function)
   27 |                 __HAL_TIM_SetCompare(&htim1,TIM_CHANNEL_1,0);
      |                                       ^~~~~
../Core/Src/motor.c:27:45: error: 'TIM_CHANNEL_1' undeclared (first use in this function)
   27 |                 __HAL_TIM_SetCompare(&htim1,TIM_CHANNEL_1,0);
      |                                             ^~~~~~~~~~~~~
../Core/Src/motor.c:28:45: error: 'TIM_CHANNEL_4' undeclared (first use in this function)
   28 |                 __HAL_TIM_SetCompare(&htim1,TIM_CHANNEL_4,0);
      |                                             ^~~~~~~~~~~~~
../Core/Src/motor.c:29:9: warning: implicit declaration of function 'HAL_TIM_PWM_Stop' [-Wimplicit-function-declaration]
   29 |         HAL_TIM_PWM_Stop(&htim1,TIM_CHANNEL_1);
      |         ^~~~~~~~~~~~~~~~
../Core/Src/motor.c: At top level:
../Core/Src/motor.c:33:1: error: expected identifier or '(' at end of input
   33 | void
      | ^~~~
make: *** [Core/Src/subdir.mk:49: Core/Src/motor.o] Error 1
make: *** Waiting for unfinished jobs....
../mycode/oled/OLED_Data.c:34:1: warning: missing braces around initializer [-Wmissing-braces]
   34 | {
      | ^
   35 |         0x00,0x00,0x00,0x00,0x00,0x00,0x00,0x00,
      |         {
   36 |         0x00,0x00,0x00,0x00,0x00,0x00,0x00,0x00,//   0
      |                                                }
   37 |         0x00,0x00,0x00,0xF8,0x00,0x00,0x00,0x00,
      |         {
   38 |         0x00,0x00,0x00,0x33,0x30,0x00,0x00,0x00,// ! 1
      |                                                }
   39 |         0x00,0x16,0x0E,0x00,0x16,0x0E,0x00,0x00,
      |         {
   40 |         0x00,0x00,0x00,0x00,0x00,0x00,0x00,0x00,// " 2
      |                                                }
   41 |         0x40,0xC0,0x78,0x40,0xC0,0x78,0x40,0x00,
      |         {
   42 |         0x04,0x3F,0x04,0x04,0x3F,0x04,0x04,0x00,// # 3
      |                                                }
   43 |         0x00,0x70,0x88,0xFC,0x08,0x30,0x00,0x00,
      |         {
   44 |         0x00,0x18,0x20,0xFF,0x21,0x1E,0x00,0x00,// $ 4
      |                                                }
   45 |         0xF0,0x08,0xF0,0x00,0xE0,0x18,0x00,0x00,
      |         {
   46 |         0x00,0x21,0x1C,0x03,0x1E,0x21,0x1E,0x00,// % 5
      |                                                }
   47 |         0x00,0xF0,0x08,0x88,0x70,0x00,0x00,0x00,
      |         {
   48 |         0x1E,0x21,0x23,0x24,0x19,0x27,0x21,0x10,// & 6
      |                                                }
   49 |         0x00,0x00,0x00,0x16,0x0E,0x00,0x00,0x00,
      |         {
   50 |         0x00,0x00,0x00,0x00,0x00,0x00,0x00,0x00,// ' 7
      |                                                }
   51 |         0x00,0x00,0x00,0xE0,0x18,0x04,0x02,0x00,
      |         {
   52 |         0x00,0x00,0x00,0x07,0x18,0x20,0x40,0x00,// ( 8
      |                                                }
   53 |         0x00,0x02,0x04,0x18,0xE0,0x00,0x00,0x00,
      |         {
   54 |         0x00,0x40,0x20,0x18,0x07,0x00,0x00,0x00,// ) 9
      |                                                }
   55 |         0x40,0x40,0x80,0xF0,0x80,0x40,0x40,0x00,
      |         {
   56 |         0x02,0x02,0x01,0x0F,0x01,0x02,0x02,0x00,// * 10
      |                                                }
   57 |         0x00,0x00,0x00,0xF0,0x00,0x00,0x00,0x00,
      |         {
   58 |         0x01,0x01,0x01,0x1F,0x01,0x01,0x01,0x00,// + 11
      |                                                }
   59 |         0x00,0x00,0x00,0x00,0x00,0x00,0x00,0x00,
      |         {
   60 |         0x00,0xB0,0x70,0x00,0x00,0x00,0x00,0x00,// , 12
      |                                                }
   61 |         0x00,0x00,0x00,0x00,0x00,0x00,0x00,0x00,
      |         {
   62 |         0x00,0x01,0x01,0x01,0x01,0x01,0x01,0x01,// - 13
      |                                                }
   63 |         0x00,0x00,0x00,0x00,0x00,0x00,0x00,0x00,
      |         {
   64 |         0x00,0x30,0x30,0x00,0x00,0x00,0x00,0x00,// . 14
      |                                                }
   65 |         0x00,0x00,0x00,0x00,0x80,0x60,0x18,0x04,
      |         {
   66 |         0x00,0x60,0x18,0x06,0x01,0x00,0x00,0x00,// / 15
      |                                                }
   67 |         0x00,0xE0,0x10,0x08,0x08,0x10,0xE0,0x00,
      |         {
   68 |         0x00,0x0F,0x10,0x20,0x20,0x10,0x0F,0x00,// 0 16
      |                                                }
   69 |         0x00,0x10,0x10,0xF8,0x00,0x00,0x00,0x00,
      |         {
   70 |         0x00,0x20,0x20,0x3F,0x20,0x20,0x00,0x00,// 1 17
      |                                                }
   71 |         0x00,0x70,0x08,0x08,0x08,0x88,0x70,0x00,
      |         {
   72 |         0x00,0x30,0x28,0x24,0x22,0x21,0x30,0x00,// 2 18
      |                                                }
   73 |         0x00,0x30,0x08,0x88,0x88,0x48,0x30,0x00,
      |         {
   74 |         0x00,0x18,0x20,0x20,0x20,0x11,0x0E,0x00,// 3 19
      |                                                }
   75 |         0x00,0x00,0xC0,0x20,0x10,0xF8,0x00,0x00,
      |         {
   76 |         0x00,0x07,0x04,0x24,0x24,0x3F,0x24,0x00,// 4 20
      |                                                }
   77 |         0x00,0xF8,0x08,0x88,0x88,0x08,0x08,0x00,
      |         {
   78 |         0x00,0x19,0x21,0x20,0x20,0x11,0x0E,0x00,// 5 21
      |                                                }
   79 |         0x00,0xE0,0x10,0x88,0x88,0x18,0x00,0x00,
      |         {
   80 |         0x00,0x0F,0x11,0x20,0x20,0x11,0x0E,0x00,// 6 22
      |                                                }
   81 |         0x00,0x38,0x08,0x08,0xC8,0x38,0x08,0x00,
      |         {
   82 |         0x00,0x00,0x00,0x3F,0x00,0x00,0x00,0x00,// 7 23
      |                                                }
   83 |         0x00,0x70,0x88,0x08,0x08,0x88,0x70,0x00,
      |         {
   84 |         0x00,0x1C,0x22,0x21,0x21,0x22,0x1C,0x00,// 8 24
      |                                                }
   85 |         0x00,0xE0,0x10,0x08,0x08,0x10,0xE0,0x00,
      |         {
   86 |         0x00,0x00,0x31,0x22,0x22,0x11,0x0F,0x00,// 9 25
      |                                                }
   87 |         0x00,0x00,0x00,0xC0,0xC0,0x00,0x00,0x00,
      |         {
   88 |         0x00,0x00,0x00,0x30,0x30,0x00,0x00,0x00,// : 26
      |                                                }
   89 |         0x00,0x00,0x00,0xC0,0xC0,0x00,0x00,0x00,
      |         {
   90 |         0x00,0x00,0x80,0xB0,0x70,0x00,0x00,0x00,// ; 27
      |                                                }
   91 |         0x00,0x00,0x80,0x40,0x20,0x10,0x08,0x00,
      |         {
   92 |         0x00,0x01,0x02,0x04,0x08,0x10,0x20,0x00,// < 28
      |                                                }
   93 |         0x40,0x40,0x40,0x40,0x40,0x40,0x40,0x00,
      |         {
   94 |         0x04,0x04,0x04,0x04,0x04,0x04,0x04,0x00,// = 29
      |                                                }
   95 |         0x00,0x08,0x10,0x20,0x40,0x80,0x00,0x00,
      |         {
   96 |         0x00,0x20,0x10,0x08,0x04,0x02,0x01,0x00,// > 30
      |                                                }
   97 |         0x00,0x70,0x48,0x08,0x08,0x08,0xF0,0x00,
      |         {
   98 |         0x00,0x00,0x00,0x30,0x36,0x01,0x00,0x00,// ? 31
      |                                                }
   99 |         0xC0,0x30,0xC8,0x28,0xE8,0x10,0xE0,0x00,
      |         {
  100 |         0x07,0x18,0x27,0x24,0x23,0x14,0x0B,0x00,// @ 32
      |                                                }
  101 |         0x00,0x00,0xC0,0x38,0xE0,0x00,0x00,0x00,
      |         {
  102 |         0x20,0x3C,0x23,0x02,0x02,0x27,0x38,0x20,// A 33
      |                                                }
  103 |         0x08,0xF8,0x88,0x88,0x88,0x70,0x00,0x00,
      |         {
  104 |         0x20,0x3F,0x20,0x20,0x20,0x11,0x0E,0x00,// B 34
      |                                                }
  105 |         0xC0,0x30,0x08,0x08,0x08,0x08,0x38,0x00,
      |         {
  106 |         0x07,0x18,0x20,0x20,0x20,0x10,0x08,0x00,// C 35
      |                                                }
  107 |         0x08,0xF8,0x08,0x08,0x08,0x10,0xE0,0x00,
      |         {
  108 |         0x20,0x3F,0x20,0x20,0x20,0x10,0x0F,0x00,// D 36
      |                                                }
  109 |         0x08,0xF8,0x88,0x88,0xE8,0x08,0x10,0x00,
      |         {
  110 |         0x20,0x3F,0x20,0x20,0x23,0x20,0x18,0x00,// E 37
      |                                                }
  111 |         0x08,0xF8,0x88,0x88,0xE8,0x08,0x10,0x00,
      |         {
  112 |         0x20,0x3F,0x20,0x00,0x03,0x00,0x00,0x00,// F 38
      |                                                }
  113 |         0xC0,0x30,0x08,0x08,0x08,0x38,0x00,0x00,
      |         {
  114 |         0x07,0x18,0x20,0x20,0x22,0x1E,0x02,0x00,// G 39
      |                                                }
  115 |         0x08,0xF8,0x08,0x00,0x00,0x08,0xF8,0x08,
      |         {
  116 |         0x20,0x3F,0x21,0x01,0x01,0x21,0x3F,0x20,// H 40
      |                                                }
  117 |         0x00,0x08,0x08,0xF8,0x08,0x08,0x00,0x00,
      |         {
  118 |         0x00,0x20,0x20,0x3F,0x20,0x20,0x00,0x00,// I 41
      |                                                }
  119 |         0x00,0x00,0x08,0x08,0xF8,0x08,0x08,0x00,
      |         {
  120 |         0xC0,0x80,0x80,0x80,0x7F,0x00,0x00,0x00,// J 42
      |                                                }
  121 |         0x08,0xF8,0x88,0xC0,0x28,0x18,0x08,0x00,
      |         {
  122 |         0x20,0x3F,0x20,0x01,0x26,0x38,0x20,0x00,// K 43
      |                                                }
  123 |         0x08,0xF8,0x08,0x00,0x00,0x00,0x00,0x00,
      |         {
  124 |         0x20,0x3F,0x20,0x20,0x20,0x20,0x30,0x00,// L 44
      |                                                }
  125 |         0x08,0xF8,0xF8,0x00,0xF8,0xF8,0x08,0x00,
      |         {
  126 |         0x20,0x3F,0x00,0x3F,0x00,0x3F,0x20,0x00,// M 45
      |                                                }
  127 |         0x08,0xF8,0x30,0xC0,0x00,0x08,0xF8,0x08,
      |         {
  128 |         0x20,0x3F,0x20,0x00,0x07,0x18,0x3F,0x00,// N 46
      |                                                }
  129 |         0xE0,0x10,0x08,0x08,0x08,0x10,0xE0,0x00,
      |         {
  130 |         0x0F,0x10,0x20,0x20,0x20,0x10,0x0F,0x00,// O 47
      |                                                }
  131 |         0x08,0xF8,0x08,0x08,0x08,0x08,0xF0,0x00,
      |         {
  132 |         0x20,0x3F,0x21,0x01,0x01,0x01,0x00,0x00,// P 48
      |                                                }
  133 |         0xE0,0x10,0x08,0x08,0x08,0x10,0xE0,0x00,
      |         {
  134 |         0x0F,0x18,0x24,0x24,0x38,0x50,0x4F,0x00,// Q 49
      |                                                }
  135 |         0x08,0xF8,0x88,0x88,0x88,0x88,0x70,0x00,
      |         {
  136 |         0x20,0x3F,0x20,0x00,0x03,0x0C,0x30,0x20,// R 50
      |                                                }
  137 |         0x00,0x70,0x88,0x08,0x08,0x08,0x38,0x00,
      |         {
  138 |         0x00,0x38,0x20,0x21,0x21,0x22,0x1C,0x00,// S 51
      |                                                }
  139 |         0x18,0x08,0x08,0xF8,0x08,0x08,0x18,0x00,
      |         {
  140 |         0x00,0x00,0x20,0x3F,0x20,0x00,0x00,0x00,// T 52
      |                                                }
  141 |         0x08,0xF8,0x08,0x00,0x00,0x08,0xF8,0x08,
      |         {
  142 |         0x00,0x1F,0x20,0x20,0x20,0x20,0x1F,0x00,// U 53
      |                                                }
  143 |         0x08,0x78,0x88,0x00,0x00,0xC8,0x38,0x08,
      |         {
  144 |         0x00,0x00,0x07,0x38,0x0E,0x01,0x00,0x00,// V 54
      |                                                }
  145 |         0xF8,0x08,0x00,0xF8,0x00,0x08,0xF8,0x00,
      |         {
  146 |         0x03,0x3C,0x07,0x00,0x07,0x3C,0x03,0x00,// W 55
      |                                                }
  147 |         0x08,0x18,0x68,0x80,0x80,0x68,0x18,0x08,
      |         {
  148 |         0x20,0x30,0x2C,0x03,0x03,0x2C,0x30,0x20,// X 56
      |                                                }
  149 |         0x08,0x38,0xC8,0x00,0xC8,0x38,0x08,0x00,
      |         {
  150 |         0x00,0x00,0x20,0x3F,0x20,0x00,0x00,0x00,// Y 57
      |                                                }
  151 |         0x10,0x08,0x08,0x08,0xC8,0x38,0x08,0x00,
      |         {
  152 |         0x20,0x38,0x26,0x21,0x20,0x20,0x18,0x00,// Z 58
      |                                                }
  153 |         0x00,0x00,0x00,0xFE,0x02,0x02,0x02,0x00,
      |         {
  154 |         0x00,0x00,0x00,0x7F,0x40,0x40,0x40,0x00,// [ 59
      |                                                }
  155 |         0x00,0x0C,0x30,0xC0,0x00,0x00,0x00,0x00,
      |         {
  156 |         0x00,0x00,0x00,0x01,0x06,0x38,0xC0,0x00,// \ 60
      |                                                }
  157 |         0x00,0x02,0x02,0x02,0xFE,0x00,0x00,0x00,
      |         {
  158 |         0x00,0x40,0x40,0x40,0x7F,0x00,0x00,0x00,// ] 61
      |                                                }
  159 |         0x00,0x20,0x10,0x08,0x04,0x08,0x10,0x20,
      |         {
  160 |         0x00,0x00,0x00,0x00,0x00,0x00,0x00,0x00,// ^ 62
      |                                                }
  161 |         0x00,0x00,0x00,0x00,0x00,0x00,0x00,0x00,
      |         {
  162 |         0x80,0x80,0x80,0x80,0x80,0x80,0x80,0x80,// _ 63
      |                                                }
  163 |         0x00,0x02,0x04,0x08,0x00,0x00,0x00,0x00,
      |         {
  164 |         0x00,0x00,0x00,0x00,0x00,0x00,0x00,0x00,// ` 64
      |                                                }
  165 |         0x00,0x00,0x80,0x80,0x80,0x80,0x00,0x00,
      |         {
  166 |         0x00,0x19,0x24,0x22,0x22,0x22,0x3F,0x20,// a 65
      |                                                }
  167 |         0x08,0xF8,0x00,0x80,0x80,0x00,0x00,0x00,
      |         {
  168 |         0x00,0x3F,0x11,0x20,0x20,0x11,0x0E,0x00,// b 66
      |                                                }
  169 |         0x00,0x00,0x00,0x80,0x80,0x80,0x00,0x00,
      |         {
  170 |         0x00,0x0E,0x11,0x20,0x20,0x20,0x11,0x00,// c 67
      |                                                }
  171 |         0x00,0x00,0x00,0x80,0x80,0x88,0xF8,0x00,
      |         {
  172 |         0x00,0x0E,0x11,0x20,0x20,0x10,0x3F,0x20,// d 68
      |                                                }
  173 |         0x00,0x00,0x80,0x80,0x80,0x80,0x00,0x00,
      |         {
  174 |         0x00,0x1F,0x22,0x22,0x22,0x22,0x13,0x00,// e 69
      |                                                }
  175 |         0x00,0x80,0x80,0xF0,0x88,0x88,0x88,0x18,
      |         {
  176 |         0x00,0x20,0x20,0x3F,0x20,0x20,0x00,0x00,// f 70
      |                                                }
  177 |         0x00,0x00,0x80,0x80,0x80,0x80,0x80,0x00,
      |         {
  178 |         0x00,0x6B,0x94,0x94,0x94,0x93,0x60,0x00,// g 71
      |                                                }
  179 |         0x08,0xF8,0x00,0x80,0x80,0x80,0x00,0x00,
      |         {
  180 |         0x20,0x3F,0x21,0x00,0x00,0x20,0x3F,0x20,// h 72
      |                                                }
  181 |         0x00,0x80,0x98,0x98,0x00,0x00,0x00,0x00,
      |         {
  182 |         0x00,0x20,0x20,0x3F,0x20,0x20,0x00,0x00,// i 73
      |                                                }
  183 |         0x00,0x00,0x00,0x80,0x98,0x98,0x00,0x00,
      |         {
  184 |         0x00,0xC0,0x80,0x80,0x80,0x7F,0x00,0x00,// j 74
      |                                                }
  185 |         0x08,0xF8,0x00,0x00,0x80,0x80,0x80,0x00,
      |         {
  186 |         0x20,0x3F,0x24,0x02,0x2D,0x30,0x20,0x00,// k 75
      |                                                }
  187 |         0x00,0x08,0x08,0xF8,0x00,0x00,0x00,0x00,
      |         {
  188 |         0x00,0x20,0x20,0x3F,0x20,0x20,0x00,0x00,// l 76
      |                                                }
  189 |         0x80,0x80,0x80,0x80,0x80,0x80,0x80,0x00,
      |         {
  190 |         0x20,0x3F,0x20,0x00,0x3F,0x20,0x00,0x3F,// m 77
      |                                                }
  191 |         0x00,0x80,0x80,0x00,0x80,0x80,0x00,0x00,
      |         {
  192 |         0x00,0x20,0x3F,0x21,0x00,0x20,0x3F,0x20,// n 78
      |                                                }
  193 |         0x00,0x00,0x80,0x80,0x80,0x80,0x00,0x00,
      |         {
  194 |         0x00,0x1F,0x20,0x20,0x20,0x20,0x1F,0x00,// o 79
      |                                                }
  195 |         0x80,0x80,0x00,0x80,0x80,0x00,0x00,0x00,
      |         {
  196 |         0x80,0xFF,0xA1,0x20,0x20,0x11,0x0E,0x00,// p 80
      |                                                }
  197 |         0x00,0x00,0x00,0x80,0x80,0x80,0x80,0x00,
      |         {
  198 |         0x00,0x0E,0x11,0x20,0x20,0xA0,0xFF,0x80,// q 81
      |                                                }
  199 |         0x80,0x80,0x80,0x00,0x80,0x80,0x80,0x00,
      |         {
  200 |         0x20,0x20,0x3F,0x21,0x20,0x00,0x01,0x00,// r 82
      |                                                }
  201 |         0x00,0x00,0x80,0x80,0x80,0x80,0x80,0x00,
      |         {
  202 |         0x00,0x33,0x24,0x24,0x24,0x24,0x19,0x00,// s 83
      |                                                }
  203 |         0x00,0x80,0x80,0xE0,0x80,0x80,0x00,0x00,
      |         {
  204 |         0x00,0x00,0x00,0x1F,0x20,0x20,0x00,0x00,// t 84
      |                                                }
  205 |         0x80,0x80,0x00,0x00,0x00,0x80,0x80,0x00,
      |         {
  206 |         0x00,0x1F,0x20,0x20,0x20,0x10,0x3F,0x20,// u 85
      |                                                }
  207 |         0x80,0x80,0x80,0x00,0x00,0x80,0x80,0x80,
      |         {
  208 |         0x00,0x01,0x0E,0x30,0x08,0x06,0x01,0x00,// v 86
      |                                                }
  209 |         0x80,0x80,0x00,0x80,0x00,0x80,0x80,0x80,
      |         {
  210 |         0x0F,0x30,0x0C,0x03,0x0C,0x30,0x0F,0x00,// w 87
      |                                                }
  211 |         0x00,0x80,0x80,0x00,0x80,0x80,0x80,0x00,
      |         {
  212 |         0x00,0x20,0x31,0x2E,0x0E,0x31,0x20,0x00,// x 88
      |                                                }
  213 |         0x80,0x80,0x80,0x00,0x00,0x80,0x80,0x80,
      |         {
  214 |         0x80,0x81,0x8E,0x70,0x18,0x06,0x01,0x00,// y 89
      |                                                }
  215 |         0x00,0x80,0x80,0x80,0x80,0x80,0x80,0x00,
      |         {
  216 |         0x00,0x21,0x30,0x2C,0x22,0x21,0x30,0x00,// z 90
      |                                                }
  217 |         0x00,0x00,0x00,0x00,0x80,0x7C,0x02,0x02,
      |         {
  218 |         0x00,0x00,0x00,0x00,0x00,0x3F,0x40,0x40,// { 91
      |                                                }
  219 |         0x00,0x00,0x00,0x00,0xFF,0x00,0x00,0x00,
      |         {
  220 |         0x00,0x00,0x00,0x00,0xFF,0x00,0x00,0x00,// | 92
      |                                                }
  221 |         0x00,0x02,0x02,0x7C,0x80,0x00,0x00,0x00,
      |         {
  222 |         0x00,0x40,0x40,0x3F,0x00,0x00,0x00,0x00,// } 93
      |                                                }
  223 |         0x00,0x80,0x40,0x40,0x80,0x00,0x00,0x80,
      |         {
  224 |         0x00,0x00,0x00,0x00,0x00,0x01,0x01,0x00,// ~ 94
  225 | };
      | }
../mycode/oled/OLED_Data.c:229:1: warning: missing braces around initializer [-Wmissing-braces]
  229 | {
      | ^
  230 |         0x00,0x00,0x00,0x00,0x00,0x00,//   0
      |         {                            }
  231 |         0x00,0x00,0x00,0x2F,0x00,0x00,// ! 1
      |         {                            }
  232 |         0x00,0x00,0x07,0x00,0x07,0x00,// " 2
      |         {                            }
  233 |         0x00,0x14,0x7F,0x14,0x7F,0x14,// # 3
      |         {                            }
  234 |         0x00,0x24,0x2A,0x7F,0x2A,0x12,// $ 4
      |         {                            }
  235 |         0x00,0x23,0x13,0x08,0x64,0x62,// % 5
      |         {                            }
  236 |         0x00,0x36,0x49,0x55,0x22,0x50,// & 6
      |         {                            }
  237 |         0x00,0x00,0x00,0x07,0x00,0x00,// ' 7
      |         {                            }
  238 |         0x00,0x00,0x1C,0x22,0x41,0x00,// ( 8
      |         {                            }
  239 |         0x00,0x00,0x41,0x22,0x1C,0x00,// ) 9
      |         {                            }
  240 |         0x00,0x14,0x08,0x3E,0x08,0x14,// * 10
      |         {                            }
  241 |         0x00,0x08,0x08,0x3E,0x08,0x08,// + 11
      |         {                            }
  242 |         0x00,0x00,0x00,0xA0,0x60,0x00,// , 12
      |         {                            }
  243 |         0x00,0x08,0x08,0x08,0x08,0x08,// - 13
      |         {                            }
  244 |         0x00,0x00,0x60,0x60,0x00,0x00,// . 14
      |         {                            }
  245 |         0x00,0x20,0x10,0x08,0x04,0x02,// / 15
      |         {                            }
  246 |         0x00,0x3E,0x51,0x49,0x45,0x3E,// 0 16
      |         {                            }
  247 |         0x00,0x00,0x42,0x7F,0x40,0x00,// 1 17
      |         {                            }
  248 |         0x00,0x42,0x61,0x51,0x49,0x46,// 2 18
      |         {                            }
  249 |         0x00,0x21,0x41,0x45,0x4B,0x31,// 3 19
      |         {                            }
  250 |         0x00,0x18,0x14,0x12,0x7F,0x10,// 4 20
      |         {                            }
  251 |         0x00,0x27,0x45,0x45,0x45,0x39,// 5 21
      |         {                            }
  252 |         0x00,0x3C,0x4A,0x49,0x49,0x30,// 6 22
      |         {                            }
  253 |         0x00,0x01,0x71,0x09,0x05,0x03,// 7 23
      |         {                            }
  254 |         0x00,0x36,0x49,0x49,0x49,0x36,// 8 24
      |         {                            }
  255 |         0x00,0x06,0x49,0x49,0x29,0x1E,// 9 25
      |         {                            }
  256 |         0x00,0x00,0x36,0x36,0x00,0x00,// : 26
      |         {                            }
  257 |         0x00,0x00,0x56,0x36,0x00,0x00,// ; 27
      |         {                            }
  258 |         0x00,0x08,0x14,0x22,0x41,0x00,// < 28
      |         {                            }
  259 |         0x00,0x14,0x14,0x14,0x14,0x14,// = 29
      |         {                            }
  260 |         0x00,0x00,0x41,0x22,0x14,0x08,// > 30
      |         {                            }
  261 |         0x00,0x02,0x01,0x51,0x09,0x06,// ? 31
      |         {                            }
  262 |         0x00,0x3E,0x49,0x55,0x59,0x2E,// @ 32
      |         {                            }
  263 |         0x00,0x7C,0x12,0x11,0x12,0x7C,// A 33
      |         {                            }
  264 |         0x00,0x7F,0x49,0x49,0x49,0x36,// B 34
      |         {                            }
  265 |         0x00,0x3E,0x41,0x41,0x41,0x22,// C 35
      |         {                            }
  266 |         0x00,0x7F,0x41,0x41,0x22,0x1C,// D 36
      |         {                            }
  267 |         0x00,0x7F,0x49,0x49,0x49,0x41,// E 37
      |         {                            }
  268 |         0x00,0x7F,0x09,0x09,0x09,0x01,// F 38
      |         {                            }
  269 |         0x00,0x3E,0x41,0x49,0x49,0x7A,// G 39
      |         {                            }
  270 |         0x00,0x7F,0x08,0x08,0x08,0x7F,// H 40
      |         {                            }
  271 |         0x00,0x00,0x41,0x7F,0x41,0x00,// I 41
      |         {                            }
  272 |         0x00,0x20,0x40,0x41,0x3F,0x01,// J 42
      |         {                            }
  273 |         0x00,0x7F,0x08,0x14,0x22,0x41,// K 43
      |         {                            }
  274 |         0x00,0x7F,0x40,0x40,0x40,0x40,// L 44
      |         {                            }
  275 |         0x00,0x7F,0x02,0x0C,0x02,0x7F,// M 45
      |         {                            }
  276 |         0x00,0x7F,0x04,0x08,0x10,0x7F,// N 46
      |         {                            }
  277 |         0x00,0x3E,0x41,0x41,0x41,0x3E,// O 47
      |         {                            }
  278 |         0x00,0x7F,0x09,0x09,0x09,0x06,// P 48
      |         {                            }
  279 |         0x00,0x3E,0x41,0x51,0x21,0x5E,// Q 49
      |         {                            }
  280 |         0x00,0x7F,0x09,0x19,0x29,0x46,// R 50
      |         {                            }
  281 |         0x00,0x46,0x49,0x49,0x49,0x31,// S 51
      |         {                            }
  282 |         0x00,0x01,0x01,0x7F,0x01,0x01,// T 52
      |         {                            }
  283 |         0x00,0x3F,0x40,0x40,0x40,0x3F,// U 53
      |         {                            }
  284 |         0x00,0x1F,0x20,0x40,0x20,0x1F,// V 54
      |         {                            }
  285 |         0x00,0x3F,0x40,0x38,0x40,0x3F,// W 55
      |         {                            }
  286 |         0x00,0x63,0x14,0x08,0x14,0x63,// X 56
      |         {                            }
  287 |         0x00,0x07,0x08,0x70,0x08,0x07,// Y 57
      |         {                            }
  288 |         0x00,0x61,0x51,0x49,0x45,0x43,// Z 58
      |         {                            }
  289 |         0x00,0x00,0x7F,0x41,0x41,0x00,// [ 59
      |         {                            }
  290 |         0x00,0x02,0x04,0x08,0x10,0x20,// \ 60
      |         {                            }
  291 |         0x00,0x00,0x41,0x41,0x7F,0x00,// ] 61
      |         {                            }
  292 |         0x00,0x04,0x02,0x01,0x02,0x04,// ^ 62
      |         {                            }
  293 |         0x00,0x40,0x40,0x40,0x40,0x40,// _ 63
      |         {                            }
  294 |         0x00,0x00,0x01,0x02,0x04,0x00,// ` 64
      |         {                            }
  295 |         0x00,0x20,0x54,0x54,0x54,0x78,// a 65
      |         {                            }
  296 |         0x00,0x7F,0x48,0x44,0x44,0x38,// b 66
      |         {                            }
  297 |         0x00,0x38,0x44,0x44,0x44,0x20,// c 67
      |         {                            }
  298 |         0x00,0x38,0x44,0x44,0x48,0x7F,// d 68
      |         {                            }
  299 |         0x00,0x38,0x54,0x54,0x54,0x18,// e 69
      |         {                            }
  300 |         0x00,0x08,0x7E,0x09,0x01,0x02,// f 70
      |         {                            }
  301 |         0x00,0x18,0xA4,0xA4,0xA4,0x7C,// g 71
      |         {                            }
  302 |         0x00,0x7F,0x08,0x04,0x04,0x78,// h 72
      |         {                            }
  303 |         0x00,0x00,0x44,0x7D,0x40,0x00,// i 73
      |         {                            }
  304 |         0x00,0x40,0x80,0x84,0x7D,0x00,// j 74
      |         {                            }
  305 |         0x00,0x7F,0x10,0x28,0x44,0x00,// k 75
      |         {                            }
  306 |         0x00,0x00,0x41,0x7F,0x40,0x00,// l 76
      |         {                            }
  307 |         0x00,0x7C,0x04,0x18,0x04,0x78,// m 77
      |         {                            }
  308 |         0x00,0x7C,0x08,0x04,0x04,0x78,// n 78
      |         {                            }
  309 |         0x00,0x38,0x44,0x44,0x44,0x38,// o 79
      |         {                            }
  310 |         0x00,0xFC,0x24,0x24,0x24,0x18,// p 80
      |         {                            }
  311 |         0x00,0x18,0x24,0x24,0x18,0xFC,// q 81
      |         {                            }
  312 |         0x00,0x7C,0x08,0x04,0x04,0x08,// r 82
      |         {                            }
  313 |         0x00,0x48,0x54,0x54,0x54,0x20,// s 83
      |         {                            }
  314 |         0x00,0x04,0x3F,0x44,0x40,0x20,// t 84
      |         {                            }
  315 |         0x00,0x3C,0x40,0x40,0x20,0x7C,// u 85
      |         {                            }
  316 |         0x00,0x1C,0x20,0x40,0x20,0x1C,// v 86
      |         {                            }
  317 |         0x00,0x3C,0x40,0x30,0x40,0x3C,// w 87
      |         {                            }
  318 |         0x00,0x44,0x28,0x10,0x28,0x44,// x 88
      |         {                            }
  319 |         0x00,0x1C,0xA0,0xA0,0xA0,0x7C,// y 89
      |         {                            }
  320 |         0x00,0x44,0x64,0x54,0x4C,0x44,// z 90
      |         {                            }
  321 |         0x00,0x00,0x08,0x7F,0x41,0x00,// { 91
      |         {                            }
  322 |         0x00,0x00,0x00,0x7F,0x00,0x00,// | 92
      |         {                            }
  323 |         0x00,0x00,0x41,0x7F,0x08,0x00,// } 93
      |         {                            }
  324 |         0x00,0x08,0x04,0x08,0x10,0x08,// ~ 94
      |         {
  325 | };
      | }
../mycode/oled/OLED_Data.c:335:38: warning: missing braces around initializer [-Wmissing-braces]
  335 | const ChineseCell_t OLED_CF16x16[] = {
      |                                      ^
  336 | 
  337 |         "�?",
      |         {
  338 |         0x00,0x00,0x00,0x00,0x00,0x00,0x00,0x00,0x00,0x00,0x00,0x00,0x00,0x00,0x00,0x00,
      |         {
  339 |         0x00,0x00,0x58,0x38,0x00,0x00,0x00,0x00,0x00,0x00,0x00,0x00,0x00,0x00,0x00,0x00,
      |                                                                                        }}
  340 | 
  341 |         "�?",
      |         {
  342 |         0x00,0x00,0x00,0x00,0x00,0x00,0x00,0x00,0x00,0x00,0x00,0x00,0x00,0x00,0x00,0x00,
      |         {
  343 |         0x00,0x00,0x18,0x24,0x24,0x18,0x00,0x00,0x00,0x00,0x00,0x00,0x00,0x00,0x00,0x00,
      |                                                                                        }}
  344 | 
  345 |         "�?",
      |         {
  346 |         0x00,0x80,0x60,0xF8,0x07,0x40,0x20,0x18,0x0F,0x08,0xC8,0x08,0x08,0x28,0x18,0x00,
      |         {
  347 |         0x01,0x00,0x00,0xFF,0x00,0x10,0x0C,0x03,0x40,0x80,0x7F,0x00,0x01,0x06,0x18,0x00,
      |                                                                                        }}
  348 | 
  349 |         "�?",
      |         {
  350 |         0x10,0x10,0xF0,0x1F,0x10,0xF0,0x00,0x80,0x82,0x82,0xE2,0x92,0x8A,0x86,0x80,0x00,
      |         {
  351 |         0x40,0x22,0x15,0x08,0x16,0x61,0x00,0x00,0x40,0x80,0x7F,0x00,0x00,0x00,0x00,0x00,
      |                                                                                        }}
  352 | 
  353 |         "�?",
      |         {
  354 |         0x20,0x20,0x20,0xFE,0x20,0x20,0xFF,0x20,0x20,0x20,0xFF,0x20,0x20,0x20,0x20,0x00,
      |         {
  355 |         0x00,0x00,0x00,0x7F,0x40,0x40,0x47,0x44,0x44,0x44,0x47,0x40,0x40,0x40,0x00,0x00,
      |                                                                                        }}
  356 | 
  357 |         "�?",
      |         {
  358 |         0x00,0x00,0x00,0xFE,0x92,0x92,0x92,0xFE,0x92,0x92,0x92,0xFE,0x00,0x00,0x00,0x00,
      |         {
  359 |         0x08,0x08,0x04,0x84,0x62,0x1E,0x01,0x00,0x01,0xFE,0x02,0x04,0x04,0x08,0x08,0x00,
      |                                                                                        }}
......
  366 |         "",
      |         {
  367 |         0xFF,0x01,0x01,0x01,0x31,0x09,0x09,0x09,0x09,0x89,0x71,0x01,0x01,0x01,0x01,0xFF,
      |         {
......
  370 | };
      | }}
../Core/Src/main.c: In function 'main':
../Core/Src/main.c:103:3: warning: implicit declaration of function 'OLED_Init' [-Wimplicit-function-declaration]
  103 |   OLED_Init();
      |   ^~~~~~~~~
../Core/Src/main.c:119:11: warning: implicit declaration of function 'OLED_Printf' [-Wimplicit-function-declaration]
  119 |           OLED_Printf(0,0,OLED_6X8,"LH=%f",&ADC[1]);
      |           ^~~~~~~~~~~
../Core/Src/main.c:119:27: error: 'OLED_6X8' undeclared (first use in this function)
  119 |           OLED_Printf(0,0,OLED_6X8,"LH=%f",&ADC[1]);
      |                           ^~~~~~~~
../Core/Src/main.c:119:27: note: each undeclared identifier is reported only once for each function it appears in
../Core/Src/main.c:124:11: warning: implicit declaration of function 'OLED_Update' [-Wimplicit-function-declaration]
  124 |           OLED_Update();
      |           ^~~~~~~~~~~
make: *** [Core/Src/subdir.mk:49: Core/Src/main.o] Error 1
"make -j32 all" terminated with exit code 2. Build might be incomplete.
14:31:21 **** Incremental Build of configuration Debug for project car ****
make -j32 all 
arm-none-eabi-gcc "../Core/Src/main.c" -mcpu=cortex-m3 -std=gnu11 -g3 -DDEBUG -DUSE_HAL_DRIVER -DSTM32F103xB -c -I../Core/Inc -I../Drivers/STM32F1xx_HAL_Driver/Inc/Legacy -I../Drivers/STM32F1xx_HAL_Driver/Inc -I../Drivers/CMSIS/Device/ST/STM32F1xx/Include -I../Drivers/CMSIS/Include -I"C:/Users/xintxiao/Desktop/xinjian/car/mycode/include" -I"C:/Users/xintxiao/Desktop/xinjian/car/mycode/oled" -O0 -ffunction-sections -fdata-sections -Wall -fstack-usage -fcyclomatic-complexity -MMD -MP -MF"Core/Src/main.d" -MT"Core/Src/main.o" --specs=nano.specs -mfloat-abi=soft -mthumb -o "Core/Src/main.o"
arm-none-eabi-gcc "../Core/Src/motor.c" -mcpu=cortex-m3 -std=gnu11 -g3 -DDEBUG -DUSE_HAL_DRIVER -DSTM32F103xB -c -I../Core/Inc -I../Drivers/STM32F1xx_HAL_Driver/Inc/Legacy -I../Drivers/STM32F1xx_HAL_Driver/Inc -I../Drivers/CMSIS/Device/ST/STM32F1xx/Include -I../Drivers/CMSIS/Include -I"C:/Users/xintxiao/Desktop/xinjian/car/mycode/include" -I"C:/Users/xintxiao/Desktop/xinjian/car/mycode/oled" -O0 -ffunction-sections -fdata-sections -Wall -fstack-usage -fcyclomatic-complexity -MMD -MP -MF"Core/Src/motor.d" -MT"Core/Src/motor.o" --specs=nano.specs -mfloat-abi=soft -mthumb -o "Core/Src/motor.o"
../Core/Src/motor.c: In function 'motor_init':
../Core/Src/motor.c:10:1: warning: implicit declaration of function 'HAL_TIM_PWM_Start' [-Wimplicit-function-declaration]
   10 | HAL_TIM_PWM_Start(&htim1, TIM_CHANNEL_1);
      | ^~~~~~~~~~~~~~~~~
../Core/Src/motor.c:10:20: error: 'htim1' undeclared (first use in this function)
   10 | HAL_TIM_PWM_Start(&htim1, TIM_CHANNEL_1);
      |                    ^~~~~
../Core/Src/motor.c:10:20: note: each undeclared identifier is reported only once for each function it appears in
../Core/Src/motor.c:10:27: error: 'TIM_CHANNEL_1' undeclared (first use in this function)
   10 | HAL_TIM_PWM_Start(&htim1, TIM_CHANNEL_1);
[...]
Finished building target: car.elf
 
arm-none-eabi-size  car.elf 
arm-none-eabi-objdump -h -S car.elf  > "car.list"
   text	   data	    bss	    dec	    hex	filename
  30240	    468	   3276	  33984	   84c0	car.elf
Finished building: default.size.stdout
 
Finished building: car.list
 
08:42:31 **** Incremental Build of configuration Debug for project car ****
make -j32 all 
arm-none-eabi-size  car.elf 
   text	   data	    bss	    dec	    hex	filename
  30240	    468	   3276	  33984	   84c0	car.elf
Finished building: default.size.stdout
 
14:00:40 **** Incremental Build of configuration Debug for project car ****
make -j32 all 
arm-none-eabi-gcc "../Core/Src/main.c" -mcpu=cortex-m3 -std=gnu11 -g3 -DDEBUG -DUSE_HAL_DRIVER -DSTM32F103xB -c -I../Core/Inc -I../Drivers/STM32F1xx_HAL_Driver/Inc/Legacy -I../Drivers/STM32F1xx_HAL_Driver/Inc -I../Drivers/CMSIS/Device/ST/STM32F1xx/Include -I../Drivers/CMSIS/Include -I"C:/Users/xintxiao/Desktop/xinjian/car/mycode/include" -I"C:/Users/xintxiao/Desktop/xinjian/car/mycode/oled" -O0 -ffunction-sections -fdata-sections -Wall -fstack-usage -fcyclomatic-complexity -MMD -MP -MF"Core/Src/main.d" -MT"Core/Src/main.o" --specs=nano.specs -mfloat-abi=soft -mthumb -o "Core/Src/main.o"
arm-none-eabi-gcc -o "car.elf" @"objects.list"   -mcpu=cortex-m3 -T"C:\Users\xintxiao\Desktop\xinjian\car\STM32F103C8TX_FLASH.ld" --specs=nosys.specs -Wl,-Map="car.map" -Wl,--gc-sections -static -u _printf_float --specs=nano.specs -mfloat-abi=soft -mthumb -Wl,--start-group -lc -lm -Wl,--end-group
Finished building target: car.elf
 
arm-none-eabi-size  car.elf 
arm-none-eabi-objdump -h -S car.elf  > "car.list"
   text	   data	    bss	    dec	    hex	filename
  34048	    468	   3420	  37936	   9430	car.elf
Finished building: default.size.stdout
 
Finished building: car.list
 
14:02:04 **** Incremental Build of configuration Debug for project car ****
make -j32 all 
arm-none-eabi-gcc "../Core/Src/main.c" -mcpu=cortex-m3 -std=gnu11 -g3 -DDEBUG -DUSE_HAL_DRIVER -DSTM32F103xB -c -I../Core/Inc -I../Drivers/STM32F1xx_HAL_Driver/Inc/Legacy -I../Drivers/STM32F1xx_HAL_Driver/Inc -I../Drivers/CMSIS/Device/ST/STM32F1xx/Include -I../Drivers/CMSIS/Include -I"C:/Users/xintxiao/Desktop/xinjian/car/mycode/include" -I"C:/Users/xintxiao/Desktop/xinjian/car/mycode/oled" -O0 -ffunction-sections -fdata-sections -Wall -fstack-usage -fcyclomatic-complexity -MMD -MP -MF"Core/Src/main.d" -MT"Core/Src/main.o" --specs=nano.specs -mfloat-abi=soft -mthumb -o "Core/Src/main.o"
arm-none-eabi-gcc -o "car.elf" @"objects.list"   -mcpu=cortex-m3 -T"C:\Users\xintxiao\Desktop\xinjian\car\STM32F103C8TX_FLASH.ld" --specs=nosys.specs -Wl,-Map="car.map" -Wl,--gc-sections -static -u _printf_float --specs=nano.specs -mfloat-abi=soft -mthumb -Wl,--start-group -lc -lm -Wl,--end-group
Finished building target: car.elf
 
arm-none-eabi-size  car.elf 
arm-none-eabi-objdump -h -S car.elf  > "car.list"
   text	   data	    bss	    dec	    hex	filename
  34264	    468	   3420	  38152	   9508	car.elf
Finished building: default.size.stdout
 
Finished building: car.list
 
14:02:45 **** Incremental Build of configuration Debug for project car ****
make -j32 all 
arm-none-eabi-gcc "../Core/Src/main.c" -mcpu=cortex-m3 -std=gnu11 -g3 -DDEBUG -DUSE_HAL_DRIVER -DSTM32F103xB -c -I../Core/Inc -I../Drivers/STM32F1xx_HAL_Driver/Inc/Legacy -I../Drivers/STM32F1xx_HAL_Driver/Inc -I../Drivers/CMSIS/Device/ST/STM32F1xx/Include -I../Drivers/CMSIS/Include -I"C:/Users/xintxiao/Desktop/xinjian/car/mycode/include" -I"C:/Users/xintxiao/Desktop/xinjian/car/mycode/oled" -O0 -ffunction-sections -fdata-sections -Wall -fstack-usage -fcyclomatic-complexity -MMD -MP -MF"Core/Src/main.d" -MT"Core/Src/main.o" --specs=nano.specs -mfloat-abi=soft -mthumb -o "Core/Src/main.o"
arm-none-eabi-gcc -o "car.elf" @"objects.list"   -mcpu=cortex-m3 -T"C:\Users\xintxiao\Desktop\xinjian\car\STM32F103C8TX_FLASH.ld" --specs=nosys.specs -Wl,-Map="car.map" -Wl,--gc-sections -static -u _printf_float --specs=nano.specs -mfloat-abi=soft -mthumb -Wl,--start-group -lc -lm -Wl,--end-group
Finished building target: car.elf
 
arm-none-eabi-size  car.elf 
arm-none-eabi-objdump -h -S car.elf  > "car.list"
   text	   data	    bss	    dec	    hex	filename
  34056	    468	   3420	  37944	   9438	car.elf
Finished building: default.size.stdout
 
Finished building: car.list
 
14:03:18 **** Incremental Build of configuration Debug for project car ****
make -j32 all 
arm-none-eabi-gcc "../Core/Src/main.c" -mcpu=cortex-m3 -std=gnu11 -g3 -DDEBUG -DUSE_HAL_DRIVER -DSTM32F103xB -c -I../Core/Inc -I../Drivers/STM32F1xx_HAL_Driver/Inc/Legacy -I../Drivers/STM32F1xx_HAL_Driver/Inc -I../Drivers/CMSIS/Device/ST/STM32F1xx/Include -I../Drivers/CMSIS/Include -I"C:/Users/xintxiao/Desktop/xinjian/car/mycode/include" -I"C:/Users/xintxiao/Desktop/xinjian/car/mycode/oled" -O0 -ffunction-sections -fdata-sections -Wall -fstack-usage -fcyclomatic-complexity -MMD -MP -MF"Core/Src/main.d" -MT"Core/Src/main.o" --specs=nano.specs -mfloat-abi=soft -mthumb -o "Core/Src/main.o"
arm-none-eabi-gcc -o "car.elf" @"objects.list"   -mcpu=cortex-m3 -T"C:\Users\xintxiao\Desktop\xinjian\car\STM32F103C8TX_FLASH.ld" --specs=nosys.specs -Wl,-Map="car.map" -Wl,--gc-sections -static -u _printf_float --specs=nano.specs -mfloat-abi=soft -mthumb -Wl,--start-group -lc -lm -Wl,--end-group
Finished building target: car.elf
 
arm-none-eabi-size  car.elf 
arm-none-eabi-objdump -h -S car.elf  > "car.list"
   text	   data	    bss	    dec	    hex	filename
  34048	    468	   3420	  37936	   9430	car.elf
Finished building: default.size.stdout
 
Finished building: car.list
 
14:03:46 **** Incremental Build of configuration Debug for project car ****
make -j32 all 
arm-none-eabi-gcc "../Core/Src/main.c" -mcpu=cortex-m3 -std=gnu11 -g3 -DDEBUG -DUSE_HAL_DRIVER -DSTM32F103xB -c -I../Core/Inc -I../Drivers/STM32F1xx_HAL_Driver/Inc/Legacy -I../Drivers/STM32F1xx_HAL_Driver/Inc -I../Drivers/CMSIS/Device/ST/STM32F1xx/Include -I../Drivers/CMSIS/Include -I"C:/Users/xintxiao/Desktop/xinjian/car/mycode/include" -I"C:/Users/xintxiao/Desktop/xinjian/car/mycode/oled" -O0 -ffunction-sections -fdata-sections -Wall -fstack-usage -fcyclomatic-complexity -MMD -MP -MF"Core/Src/main.d" -MT"Core/Src/main.o" --specs=nano.specs -mfloat-abi=soft -mthumb -o "Core/Src/main.o"
arm-none-eabi-gcc -o "car.elf" @"objects.list"   -mcpu=cortex-m3 -T"C:\Users\xintxiao\Desktop\xinjian\car\STM32F103C8TX_FLASH.ld" --specs=nosys.specs -Wl,-Map="car.map" -Wl,--gc-sections -static -u _printf_float --specs=nano.specs -mfloat-abi=soft -mthumb -Wl,--start-group -lc -lm -Wl,--end-group
Finished building target: car.elf
 
arm-none-eabi-size  car.elf 
arm-none-eabi-objdump -h -S car.elf  > "car.list"
   text	   data	    bss	    dec	    hex	filename
  34248	    468	   3420	  38136	   94f8	car.elf
Finished building: default.size.stdout
 
Finished building: car.list
 
14:19:09 **** Incremental Build of configuration Debug for project car ****
make -j32 all 
arm-none-eabi-gcc "../Core/Src/main.c" -mcpu=cortex-m3 -std=gnu11 -g3 -DDEBUG -DUSE_HAL_DRIVER -DSTM32F103xB -c -I../Core/Inc -I../Drivers/STM32F1xx_HAL_Driver/Inc/Legacy -I../Drivers/STM32F1xx_HAL_Driver/Inc -I../Drivers/CMSIS/Device/ST/STM32F1xx/Include -I../Drivers/CMSIS/Include -I"C:/Users/xintxiao/Desktop/xinjian/car/mycode/include" -I"C:/Users/xintxiao/Desktop/xinjian/car/mycode/oled" -O0 -ffunction-sections -fdata-sections -Wall -fstack-usage -fcyclomatic-complexity -MMD -MP -MF"Core/Src/main.d" -MT"Core/Src/main.o" --specs=nano.specs -mfloat-abi=soft -mthumb -o "Core/Src/main.o"
arm-none-eabi-gcc "../Core/Src/motor.c" -mcpu=cortex-m3 -std=gnu11 -g3 -DDEBUG -DUSE_HAL_DRIVER -DSTM32F103xB -c -I../Core/Inc -I../Drivers/STM32F1xx_HAL_Driver/Inc/Legacy -I../Drivers/STM32F1xx_HAL_Driver/Inc -I../Drivers/CMSIS/Device/ST/STM32F1xx/Include -I../Drivers/CMSIS/Include -I"C:/Users/xintxiao/Desktop/xinjian/car/mycode/include" -I"C:/Users/xintxiao/Desktop/xinjian/car/mycode/oled" -O0 -ffunction-sections -fdata-sections -Wall -fstack-usage -fcyclomatic-complexity -MMD -MP -MF"Core/Src/motor.d" -MT"Core/Src/motor.o" --specs=nano.specs -mfloat-abi=soft -mthumb -o "Core/Src/motor.o"
../Core/Src/motor.c: In function 'motor_init':
../Core/Src/motor.c:22:19: error: 'tim1' undeclared (first use in this function); did you mean 'htim1'?
   22 | HAL_TIM_PWM_Init(&tim1);
      |                   ^~~~
      |                   htim1
../Core/Src/motor.c:22:19: note: each undeclared identifier is reported only once for each function it appears in
../Core/Src/motor.c: At top level:
../Core/Src/motor.c:76:1: warning: "/*" within comment [-Wcomment]
   76 | /*void statusjudge()
      |  
make: *** [Core/Src/subdir.mk:49: Core/Src/motor.o] Error 1
make: *** Waiting for unfinished jobs....
"make -j32 all" terminated with exit code 2. Build might be incomplete.
14:19:34 **** Incremental Build of configuration Debug for project car ****
make -j32 all 
arm-none-eabi-gcc "../Core/Src/motor.c" -mcpu=cortex-m3 -std=gnu11 -g3 -DDEBUG -DUSE_HAL_DRIVER -DSTM32F103xB -c -I../Core/Inc -I../Drivers/STM32F1xx_HAL_Driver/Inc/Legacy -I../Drivers/STM32F1xx_HAL_Driver/Inc -I../Drivers/CMSIS/Device/ST/STM32F1xx/Include -I../Drivers/CMSIS/Include -I"C:/Users/xintxiao/Desktop/xinjian/car/mycode/include" -I"C:/Users/xintxiao/Desktop/xinjian/car/mycode/oled" -O0 -ffunction-sections -fdata-sections -Wall -fstack-usage -fcyclomatic-complexity -MMD -MP -MF"Core/Src/motor.d" -MT"Core/Src/motor.o" --specs=nano.specs -mfloat-abi=soft -mthumb -o "Core/Src/motor.o"
../Core/Src/motor.c:76:1: warning: "/*" within comment [-Wcomment]
   76 | /*void statusjudge()
      |  
arm-none-eabi-gcc -o "car.elf" @"objects.list"   -mcpu=cortex-m3 -T"C:\Users\xintxiao\Desktop\xinjian\car\STM32F103C8TX_FLASH.ld" --specs=nosys.specs -Wl,-Map="car.map" -Wl,--gc-sections -static -u _printf_float --specs=nano.specs -mfloat-abi=soft -mthumb -Wl,--start-group -lc -lm -Wl,--end-group
Finished building target: car.elf
 
arm-none-eabi-size  car.elf 
arm-none-eabi-objdump -h -S car.elf  > "car.list"
   text	   data	    bss	    dec	    hex	filename
  34296	    468	   3420	  38184	   9528	car.elf
Finished building: default.size.stdout
 
Finished building: car.list
 
14:19:59 **** Incremental Build of configuration Debug for project car ****
make -j32 all 
arm-none-eabi-gcc "../Core/Src/motor.c" -mcpu=cortex-m3 -std=gnu11 -g3 -DDEBUG -DUSE_HAL_DRIVER -DSTM32F103xB -c -I../Core/Inc -I../Drivers/STM32F1xx_HAL_Driver/Inc/Legacy -I../Drivers/STM32F1xx_HAL_Driver/Inc -I../Drivers/CMSIS/Device/ST/STM32F1xx/Include -I../Drivers/CMSIS/Include -I"C:/Users/xintxiao/Desktop/xinjian/car/mycode/include" -I"C:/Users/xintxiao/Desktop/xinjian/car/mycode/oled" -O0 -ffunction-sections -fdata-sections -Wall -fstack-usage -fcyclomatic-complexity -MMD -MP -MF"Core/Src/motor.d" -MT"Core/Src/motor.o" --specs=nano.specs -mfloat-abi=soft -mthumb -o "Core/Src/motor.o"
../Core/Src/motor.c:76:1: warning: "/*" within comment [-Wcomment]
   76 | /* void statusjudge()
      |  
arm-none-eabi-gcc -o "car.elf" @"objects.list"   -mcpu=cortex-m3 -T"C:\Users\xintxiao\Desktop\xinjian\car\STM32F103C8TX_FLASH.ld" --specs=nosys.specs -Wl,-Map="car.map" -Wl,--gc-sections -static -u _printf_float --specs=nano.specs -mfloat-abi=soft -mthumb -Wl,--start-group -lc -lm -Wl,--end-group
Finished building target: car.elf
 
arm-none-eabi-size  car.elf 
arm-none-eabi-objdump -h -S car.elf  > "car.list"
   text	   data	    bss	    dec	    hex	filename
  34296	    468	   3420	  38184	   9528	car.elf
Finished building: default.size.stdout
 
Finished building: car.list
 
14:20:06 **** Incremental Build of configuration Debug for project car ****
make -j32 all 
arm-none-eabi-size  car.elf 
   text	   data	    bss	    dec	    hex	filename
  34296	    468	   3420	  38184	   9528	car.elf
Finished building: default.size.stdout
 
14:20:52 **** Incremental Build of configuration Debug for project car ****
make -j32 all 
arm-none-eabi-gcc "../Core/Src/motor.c" -mcpu=cortex-m3 -std=gnu11 -g3 -DDEBUG -DUSE_HAL_DRIVER -DSTM32F103xB -c -I../Core/Inc -I../Drivers/STM32F1xx_HAL_Driver/Inc/Legacy -I../Drivers/STM32F1xx_HAL_Driver/Inc -I../Drivers/CMSIS/Device/ST/STM32F1xx/Include -I../Drivers/CMSIS/Include -I"C:/Users/xintxiao/Desktop/xinjian/car/mycode/include" -I"C:/Users/xintxiao/Desktop/xinjian/car/mycode/oled" -O0 -ffunction-sections -fdata-sections -Wall -fstack-usage -fcyclomatic-complexity -MMD -MP -MF"Core/Src/motor.d" -MT"Core/Src/motor.o" --specs=nano.specs -mfloat-abi=soft -mthumb -o "Core/Src/motor.o"
../Core/Src/motor.c:76:1: warning: "/*" within comment [-Wcomment]
   76 | /* void statusjudge()
      |  
arm-none-eabi-gcc -o "car.elf" @"objects.list"   -mcpu=cortex-m3 -T"C:\Users\xintxiao\Desktop\xinjian\car\STM32F103C8TX_FLASH.ld" --specs=nosys.specs -Wl,-Map="car.map" -Wl,--gc-sections -static -u _printf_float --specs=nano.specs -mfloat-abi=soft -mthumb -Wl,--start-group -lc -lm -Wl,--end-group
Finished building target: car.elf
 
arm-none-eabi-size  car.elf 
arm-none-eabi-objdump -h -S car.elf  > "car.list"
   text	   data	    bss	    dec	    hex	filename
  34296	    468	   3420	  38184	   9528	car.elf
Finished building: default.size.stdout
 
Finished building: car.list
 
14:20:58 **** Incremental Build of configuration Debug for project car ****
make -j32 all 
arm-none-eabi-size  car.elf 
   text	   data	    bss	    dec	    hex	filename
  34296	    468	   3420	  38184	   9528	car.elf
Finished building: default.size.stdout
 
14:26:13 **** Incremental Build of configuration Debug for project car ****
make -j32 all 
arm-none-eabi-gcc "../Core/Src/motor.c" -mcpu=cortex-m3 -std=gnu11 -g3 -DDEBUG -DUSE_HAL_DRIVER -DSTM32F103xB -c -I../Core/Inc -I../Drivers/STM32F1xx_HAL_Driver/Inc/Legacy -I../Drivers/STM32F1xx_HAL_Driver/Inc -I../Drivers/CMSIS/Device/ST/STM32F1xx/Include -I../Drivers/CMSIS/Include -I"C:/Users/xintxiao/Desktop/xinjian/car/mycode/include" -I"C:/Users/xintxiao/Desktop/xinjian/car/mycode/oled" -O0 -ffunction-sections -fdata-sections -Wall -fstack-usage -fcyclomatic-complexity -MMD -MP -MF"Core/Src/motor.d" -MT"Core/Src/motor.o" --specs=nano.specs -mfloat-abi=soft -mthumb -o "Core/Src/motor.o"
../Core/Src/motor.c:76:1: warning: "/*" within comment [-Wcomment]
   76 | /* void statusjudge()
      |  
arm-none-eabi-gcc -o "car.elf" @"objects.list"   -mcpu=cortex-m3 -T"C:\Users\xintxiao\Desktop\xinjian\car\STM32F103C8TX_FLASH.ld" --specs=nosys.specs -Wl,-Map="car.map" -Wl,--gc-sections -static -u _printf_float --specs=nano.specs -mfloat-abi=soft -mthumb -Wl,--start-group -lc -lm -Wl,--end-group
Finished building target: car.elf
 
arm-none-eabi-size  car.elf 
arm-none-eabi-objdump -h -S car.elf  > "car.list"
   text	   data	    bss	    dec	    hex	filename
  34288	    468	   3420	  38176	   9520	car.elf
Finished building: default.size.stdout
 
Finished building: car.list
 
14:26:16 **** Incremental Build of configuration Debug for project car ****
make -j32 all 
arm-none-eabi-size  car.elf 
   text	   data	    bss	    dec	    hex	filename
  34288	    468	   3420	  38176	   9520	car.elf
Finished building: default.size.stdout
 
14:32:29 **** Incremental Build of configuration Debug for project car ****
make -j32 all 
arm-none-eabi-gcc "../Core/Src/main.c" -mcpu=cortex-m3 -std=gnu11 -g3 -DDEBUG -DUSE_HAL_DRIVER -DSTM32F103xB -c -I../Core/Inc -I../Drivers/STM32F1xx_HAL_Driver/Inc/Legacy -I../Drivers/STM32F1xx_HAL_Driver/Inc -I../Drivers/CMSIS/Device/ST/STM32F1xx/Include -I../Drivers/CMSIS/Include -I"C:/Users/xintxiao/Desktop/xinjian/car/mycode/include" -I"C:/Users/xintxiao/Desktop/xinjian/car/mycode/oled" -O0 -ffunction-sections -fdata-sections -Wall -fstack-usage -fcyclomatic-complexity -MMD -MP -MF"Core/Src/main.d" -MT"Core/Src/main.o" --specs=nano.specs -mfloat-abi=soft -mthumb -o "Core/Src/main.o"
arm-none-eabi-gcc "../Core/Src/motor.c" -mcpu=cortex-m3 -std=gnu11 -g3 -DDEBUG -DUSE_HAL_DRIVER -DSTM32F103xB -c -I../Core/Inc -I../Drivers/STM32F1xx_HAL_Driver/Inc/Legacy -I../Drivers/STM32F1xx_HAL_Driver/Inc -I../Drivers/CMSIS/Device/ST/STM32F1xx/Include -I../Drivers/CMSIS/Include -I"C:/Users/xintxiao/Desktop/xinjian/car/mycode/include" -I"C:/Users/xintxiao/Desktop/xinjian/car/mycode/oled" -O0 -ffunction-sections -fdata-sections -Wall -fstack-usage -fcyclomatic-complexity -MMD -MP -MF"Core/Src/motor.d" -MT"Core/Src/motor.o" --specs=nano.specs -mfloat-abi=soft -mthumb -o "Core/Src/motor.o"
../Core/Src/motor.c:83:1: warning: "/*" within comment [-Wcomment]
   83 | /* void statusjudge()
      |  
arm-none-eabi-gcc -o "car.elf" @"objects.list"   -mcpu=cortex-m3 -T"C:\Users\xintxiao\Desktop\xinjian\car\STM32F103C8TX_FLASH.ld" --specs=nosys.specs -Wl,-Map="car.map" -Wl,--gc-sections -static -u _printf_float --specs=nano.specs -mfloat-abi=soft -mthumb -Wl,--start-group -lc -lm -Wl,--end-group
Finished building target: car.elf
 
arm-none-eabi-size  car.elf 
arm-none-eabi-objdump -h -S car.elf  > "car.list"
   text	   data	    bss	    dec	    hex	filename
  34576	    468	   3428	  38472	   9648	car.elf
Finished building: default.size.stdout
 
Finished building: car.list
 
14:32:47 **** Incremental Build of configuration Debug for project car ****
make -j32 all 
arm-none-eabi-gcc "../Core/Src/motor.c" -mcpu=cortex-m3 -std=gnu11 -g3 -DDEBUG -DUSE_HAL_DRIVER -DSTM32F103xB -c -I../Core/Inc -I../Drivers/STM32F1xx_HAL_Driver/Inc/Legacy -I../Drivers/STM32F1xx_HAL_Driver/Inc -I../Drivers/CMSIS/Device/ST/STM32F1xx/Include -I../Drivers/CMSIS/Include -I"C:/Users/xintxiao/Desktop/xinjian/car/mycode/include" -I"C:/Users/xintxiao/Desktop/xinjian/car/mycode/oled" -O0 -ffunction-sections -fdata-sections -Wall -fstack-usage -fcyclomatic-complexity -MMD -MP -MF"Core/Src/motor.d" -MT"Core/Src/motor.o" --specs=nano.specs -mfloat-abi=soft -mthumb -o "Core/Src/motor.o"
arm-none-eabi-gcc -o "car.elf" @"objects.list"   -mcpu=cortex-m3 -T"C:\Users\xintxiao\Desktop\xinjian\car\STM32F103C8TX_FLASH.ld" --specs=nosys.specs -Wl,-Map="car.map" -Wl,--gc-sections -static -u _printf_float --specs=nano.specs -mfloat-abi=soft -mthumb -Wl,--start-group -lc -lm -Wl,--end-group
Finished building target: car.elf
 
arm-none-eabi-size  car.elf 
arm-none-eabi-objdump -h -S car.elf  > "car.list"
   text	   data	    bss	    dec	    hex	filename
  34576	    468	   3428	  38472	   9648	car.elf
Finished building: default.size.stdout
 
Finished building: car.list
 
14:32:57 **** Incremental Build of configuration Debug for project car ****
make -j32 all 
arm-none-eabi-size  car.elf 
   text	   data	    bss	    dec	    hex	filename
  34576	    468	   3428	  38472	   9648	car.elf
Finished building: default.size.stdout
 
14:34:27 **** Incremental Build of configuration Debug for project car ****
make -j32 all 
arm-none-eabi-gcc "../Core/Src/main.c" -mcpu=cortex-m3 -std=gnu11 -g3 -DDEBUG -DUSE_HAL_DRIVER -DSTM32F103xB -c -I../Core/Inc -I../Drivers/STM32F1xx_HAL_Driver/Inc/Legacy -I../Drivers/STM32F1xx_HAL_Driver/Inc -I../Drivers/CMSIS/Device/ST/STM32F1xx/Include -I../Drivers/CMSIS/Include -I"C:/Users/xintxiao/Desktop/xinjian/car/mycode/include" -I"C:/Users/xintxiao/Desktop/xinjian/car/mycode/oled" -O0 -ffunction-sections -fdata-sections -Wall -fstack-usage -fcyclomatic-complexity -MMD -MP -MF"Core/Src/main.d" -MT"Core/Src/main.o" --specs=nano.specs -mfloat-abi=soft -mthumb -o "Core/Src/main.o"
arm-none-eabi-gcc -o "car.elf" @"objects.list"   -mcpu=cortex-m3 -T"C:\Users\xintxiao\Desktop\xinjian\car\STM32F103C8TX_FLASH.ld" --specs=nosys.specs -Wl,-Map="car.map" -Wl,--gc-sections -static -u _printf_float --specs=nano.specs -mfloat-abi=soft -mthumb -Wl,--start-group -lc -lm -Wl,--end-group
Finished building target: car.elf
 
arm-none-eabi-size  car.elf 
arm-none-eabi-objdump -h -S car.elf  > "car.list"
   text	   data	    bss	    dec	    hex	filename
  34272	    468	   3420	  38160	   9510	car.elf
Finished building: default.size.stdout
 
Finished building: car.list
 
